Archive member included because of file (symbol)

c:/gnu-tools-arm-embedded/48-2014q1/bin/../lib/gcc/arm-none-eabi/4.8.3/armv7e-m/fpu\libgcc.a(_arm_addsubdf3.o)
                              ..\obj\stm32f4_discovery_lcd.o (__aeabi_ui2d)
c:/gnu-tools-arm-embedded/48-2014q1/bin/../lib/gcc/arm-none-eabi/4.8.3/armv7e-m/fpu\libgcc.a(_arm_muldivdf3.o)
                              ..\obj\gpio_adc.o (__aeabi_dmul)
c:/gnu-tools-arm-embedded/48-2014q1/bin/../lib/gcc/arm-none-eabi/4.8.3/armv7e-m/fpu\libgcc.a(_arm_cmpdf2.o)
                              ..\obj\stm32f4_discovery_lcd.o (__aeabi_dcmplt)
c:/gnu-tools-arm-embedded/48-2014q1/bin/../lib/gcc/arm-none-eabi/4.8.3/armv7e-m/fpu\libgcc.a(_arm_fixunsdfsi.o)
                              ..\obj\gpio_adc.o (__aeabi_d2uiz)
c:/gnu-tools-arm-embedded/48-2014q1/bin/../lib/gcc/arm-none-eabi/4.8.3/../../../../arm-none-eabi/lib/armv7e-m/fpu\libg.a(lib_a-atoi.o)
                              ..\obj\sd_card.o (atoi)
c:/gnu-tools-arm-embedded/48-2014q1/bin/../lib/gcc/arm-none-eabi/4.8.3/../../../../arm-none-eabi/lib/armv7e-m/fpu\libg.a(lib_a-lcltime.o)
                              ..\obj\rtc.o (localtime)
c:/gnu-tools-arm-embedded/48-2014q1/bin/../lib/gcc/arm-none-eabi/4.8.3/../../../../arm-none-eabi/lib/armv7e-m/fpu\libg.a(lib_a-lcltime_r.o)
                              c:/gnu-tools-arm-embedded/48-2014q1/bin/../lib/gcc/arm-none-eabi/4.8.3/../../../../arm-none-eabi/lib/armv7e-m/fpu\libg.a(lib_a-lcltime.o) (localtime_r)
c:/gnu-tools-arm-embedded/48-2014q1/bin/../lib/gcc/arm-none-eabi/4.8.3/../../../../arm-none-eabi/lib/armv7e-m/fpu\libg.a(lib_a-memcmp.o)
                              ..\obj\autoip.o (memcmp)
c:/gnu-tools-arm-embedded/48-2014q1/bin/../lib/gcc/arm-none-eabi/4.8.3/../../../../arm-none-eabi/lib/armv7e-m/fpu\libg.a(lib_a-memcpy.o)
                              ..\obj\fs.o (memcpy)
c:/gnu-tools-arm-embedded/48-2014q1/bin/../lib/gcc/arm-none-eabi/4.8.3/../../../../arm-none-eabi/lib/armv7e-m/fpu\libg.a(lib_a-memset.o)
                              ..\obj\mem.o (memset)
c:/gnu-tools-arm-embedded/48-2014q1/bin/../lib/gcc/arm-none-eabi/4.8.3/../../../../arm-none-eabi/lib/armv7e-m/fpu\libg.a(lib_a-mktm_r.o)
                              c:/gnu-tools-arm-embedded/48-2014q1/bin/../lib/gcc/arm-none-eabi/4.8.3/../../../../arm-none-eabi/lib/armv7e-m/fpu\libg.a(lib_a-lcltime_r.o) (_mktm_r)
c:/gnu-tools-arm-embedded/48-2014q1/bin/../lib/gcc/arm-none-eabi/4.8.3/../../../../arm-none-eabi/lib/armv7e-m/fpu\libg.a(lib_a-strcat.o)
                              ..\obj\sd_card.o (strcat)
c:/gnu-tools-arm-embedded/48-2014q1/bin/../lib/gcc/arm-none-eabi/4.8.3/../../../../arm-none-eabi/lib/armv7e-m/fpu\libg.a(lib_a-strcmp.o)
                              ..\obj\fs.o (strcmp)
c:/gnu-tools-arm-embedded/48-2014q1/bin/../lib/gcc/arm-none-eabi/4.8.3/../../../../arm-none-eabi/lib/armv7e-m/fpu\libg.a(lib_a-strcpy.o)
                              ..\obj\sd_card.o (strcpy)
c:/gnu-tools-arm-embedded/48-2014q1/bin/../lib/gcc/arm-none-eabi/4.8.3/../../../../arm-none-eabi/lib/armv7e-m/fpu\libg.a(lib_a-strftime.o)
                              ..\obj\rtc.o (strftime)
c:/gnu-tools-arm-embedded/48-2014q1/bin/../lib/gcc/arm-none-eabi/4.8.3/../../../../arm-none-eabi/lib/armv7e-m/fpu\libg.a(lib_a-strlen.o)
                              ..\obj\sd_card.o (strlen)
c:/gnu-tools-arm-embedded/48-2014q1/bin/../lib/gcc/arm-none-eabi/4.8.3/../../../../arm-none-eabi/lib/armv7e-m/fpu\libg.a(lib_a-strncmp.o)
                              ..\obj\httpserver-netconn.o (strncmp)
c:/gnu-tools-arm-embedded/48-2014q1/bin/../lib/gcc/arm-none-eabi/4.8.3/../../../../arm-none-eabi/lib/armv7e-m/fpu\libg.a(lib_a-strncpy.o)
                              ..\obj\tasks.o (strncpy)
c:/gnu-tools-arm-embedded/48-2014q1/bin/../lib/gcc/arm-none-eabi/4.8.3/../../../../arm-none-eabi/lib/armv7e-m/fpu\libg.a(lib_a-strtok.o)
                              ..\obj\sd_card.o (strtok)
c:/gnu-tools-arm-embedded/48-2014q1/bin/../lib/gcc/arm-none-eabi/4.8.3/../../../../arm-none-eabi/lib/armv7e-m/fpu\libg.a(lib_a-strtok_r.o)
                              c:/gnu-tools-arm-embedded/48-2014q1/bin/../lib/gcc/arm-none-eabi/4.8.3/../../../../arm-none-eabi/lib/armv7e-m/fpu\libg.a(lib_a-strtok.o) (__strtok_r)
c:/gnu-tools-arm-embedded/48-2014q1/bin/../lib/gcc/arm-none-eabi/4.8.3/../../../../arm-none-eabi/lib/armv7e-m/fpu\libg.a(lib_a-strtol.o)
                              c:/gnu-tools-arm-embedded/48-2014q1/bin/../lib/gcc/arm-none-eabi/4.8.3/../../../../arm-none-eabi/lib/armv7e-m/fpu\libg.a(lib_a-atoi.o) (_strtol_r)
c:/gnu-tools-arm-embedded/48-2014q1/bin/../lib/gcc/arm-none-eabi/4.8.3/../../../../arm-none-eabi/lib/armv7e-m/fpu\libg.a(lib_a-strtoul.o)
                              c:/gnu-tools-arm-embedded/48-2014q1/bin/../lib/gcc/arm-none-eabi/4.8.3/../../../../arm-none-eabi/lib/armv7e-m/fpu\libg.a(lib_a-strftime.o) (strtoul)
[...]
Memory Configuration

Name             Origin             Length             Attributes
rom              0x08000000         0x00100000         xr
ram              0x20000000         0x00020000         xrw
ram1             0x10000000         0x00010000         xrw
*default*        0x00000000         0xffffffff

Linker script and memory map

                0x20020000                _eram = 0x20020000

.text           0x08000000    0x2e080
 *(.isr_vector)
 .isr_vector    0x08000000      0x188 ..\obj\startup_stm32f4xx.o
                0x08000000                g_pfnVectors
 *(.text*)
 .text.pvPortMalloc
                0x08000188       0xec ..\obj\heap_4.o
                0x08000188                pvPortMalloc
 .text.vPortFree
                0x08000274       0x48 ..\obj\heap_4.o
                0x08000274                vPortFree
 .text.prvHeapInit
                0x080002bc       0x90 ..\obj\heap_4.o
 .text.prvInsertBlockIntoFreeList
                0x0800034c       0xb0 ..\obj\heap_4.o
 .text.SYSCFG_ETH_MediaInterfaceConfig
                0x080003fc       0x1c ..\obj\stm32f4xx_syscfg.o
                0x080003fc                SYSCFG_ETH_MediaInterfaceConfig
 .text.plug_holes
                0x08000418       0xbc ..\obj\mem.o
 .text.mem_init
                0x080004d4       0x84 ..\obj\mem.o
                0x080004d4                mem_init
 .text.mem_free
                0x08000558       0x7c ..\obj\mem.o
                0x08000558                mem_free
 .text.mem_realloc
                0x080005d4      0x194 ..\obj\mem.o
                0x080005d4                mem_realloc
 .text.mem_malloc
                0x08000768      0x16c ..\obj\mem.o
                0x08000768                mem_malloc
 .text.LCD_SetCursor
                0x080008d4       0x28 ..\obj\stm32f4_discovery_lcd.o
                0x080008d4                LCD_SetCursor
 .text.LCD_WriteReg
                0x080008fc       0x2c ..\obj\stm32f4_discovery_lcd.o
                0x080008fc                LCD_WriteReg
 .text.LCD_WriteRAM_Prepare
                0x08000928       0x14 ..\obj\stm32f4_discovery_lcd.o
                0x08000928                LCD_WriteRAM_Prepare
 .text.LCD_WriteRAM
                0x0800093c       0x20 ..\obj\stm32f4_discovery_lcd.o
                0x0800093c                LCD_WriteRAM
 .text.LCD_SetTextColor
                0x0800095c       0x20 ..\obj\stm32f4_discovery_lcd.o
                0x0800095c                LCD_SetTextColor
 .text.LCD_GetFont
                0x0800097c       0x18 ..\obj\stm32f4_discovery_lcd.o
                0x0800097c                LCD_GetFont
 .text.LCD_DrawChar
                0x08000994      0x104 ..\obj\stm32f4_discovery_lcd.o
                0x08000994                LCD_DrawChar
 .text.LCD_DisplayChar
                0x08000a98       0x48 ..\obj\stm32f4_discovery_lcd.o
                0x08000a98                LCD_DisplayChar
 .text.LCD_DisplayStringLine
                0x08000ae0       0x54 ..\obj\stm32f4_discovery_lcd.o
                0x08000ae0                LCD_DisplayStringLine
 .text.SDIO_DeInit
                0x08000b34       0x1c ..\obj\stm32f4xx_sdio.o
                0x08000b34                SDIO_DeInit
 .text.SDIO_Init
                0x08000b50       0x5c ..\obj\stm32f4xx_sdio.o
                0x08000b50                SDIO_Init
 .text.SDIO_ClockCmd
                0x08000bac       0x20 ..\obj\stm32f4xx_sdio.o
                0x08000bac                SDIO_ClockCmd
 .text.SDIO_SetPowerState
                0x08000bcc       0x1c ..\obj\stm32f4xx_sdio.o
                0x08000bcc                SDIO_SetPowerState
 .text.SDIO_GetPowerState
                0x08000be8       0x1c ..\obj\stm32f4xx_sdio.o
                0x08000be8                SDIO_GetPowerState
 .text.SDIO_SendCommand
                0x08000c04       0x58 ..\obj\stm32f4xx_sdio.o
                0x08000c04                SDIO_SendCommand
 .text.SDIO_GetCommandResponse
                0x08000c5c       0x18 ..\obj\stm32f4xx_sdio.o
                0x08000c5c                SDIO_GetCommandResponse
 .text.SDIO_GetResponse
                0x08000c74       0x28 ..\obj\stm32f4xx_sdio.o
                0x08000c74                SDIO_GetResponse
 .text.SDIO_DataConfig
                0x08000c9c       0x5c ..\obj\stm32f4xx_sdio.o
                0x08000c9c                SDIO_DataConfig
 .text.SDIO_ReadData
                0x08000cf8       0x18 ..\obj\stm32f4xx_sdio.o
                0x08000cf8                SDIO_ReadData
 .text.SDIO_DMACmd
                0x08000d10       0x20 ..\obj\stm32f4xx_sdio.o
                0x08000d10                SDIO_DMACmd
 .text.SDIO_ITConfig
                0x08000d30       0x3c ..\obj\stm32f4xx_sdio.o
                0x08000d30                SDIO_ITConfig
 .text.SDIO_GetFlagStatus
                0x08000d6c       0x34 ..\obj\stm32f4xx_sdio.o
                0x08000d6c                SDIO_GetFlagStatus
 .text.SDIO_ClearFlag
                0x08000da0       0x1c ..\obj\stm32f4xx_sdio.o
                0x08000da0                SDIO_ClearFlag
 .text.SDIO_GetITStatus
                0x08000dbc       0x34 ..\obj\stm32f4xx_sdio.o
                0x08000dbc                SDIO_GetITStatus
 .text.SDIO_ClearITPendingBit
                0x08000df0       0x1c ..\obj\stm32f4xx_sdio.o
                0x08000df0                SDIO_ClearITPendingBit
 .text.tcp_tmr  0x08000e0c       0x2c ..\obj\tcp.o
                0x08000e0c                tcp_tmr
 .text.tcp_close
                0x08000e38      0x164 ..\obj\tcp.o
                0x08000e38                tcp_close
 .text.tcp_abandon
                0x08000f9c       0xdc ..\obj\tcp.o
                0x08000f9c                tcp_abandon
 .text.tcp_bind
                0x08001078      0x180 ..\obj\tcp.o
                0x08001078                tcp_bind
 .text.tcp_accept_null
                0x080011f8       0x20 ..\obj\tcp.o
 .text.tcp_listen_with_backlog
                0x08001218      0x110 ..\obj\tcp.o
                0x08001218                tcp_listen_with_backlog
 .text.tcp_update_rcv_ann_wnd
                0x08001328       0x84 ..\obj\tcp.o
                0x08001328                tcp_update_rcv_ann_wnd
 .text.tcp_recved
                0x080013ac       0x60 ..\obj\tcp.o
                0x080013ac                tcp_recved
 .text.tcp_new_port
                0x0800140c       0xac ..\obj\tcp.o
 .text.tcp_connect
                0x080014b8      0x178 ..\obj\tcp.o
                0x080014b8                tcp_connect
 .text.tcp_slowtmr
                0x08001630      0x3c4 ..\obj\tcp.o
                0x08001630                tcp_slowtmr
 .text.tcp_fasttmr
                0x080019f4       0xb0 ..\obj\tcp.o
                0x080019f4                tcp_fasttmr
 .text.tcp_segs_free
                0x08001aa4       0x38 ..\obj\tcp.o
                0x08001aa4                tcp_segs_free
 .text.tcp_seg_free
                0x08001adc       0x3c ..\obj\tcp.o
                0x08001adc                tcp_seg_free
 .text.tcp_recv_null
                0x08001b18       0x48 ..\obj\tcp.o
                0x08001b18                tcp_recv_null
 .text.tcp_kill_prio
                0x08001b60       0x80 ..\obj\tcp.o
 .text.tcp_kill_timewait
                0x08001be0       0x60 ..\obj\tcp.o
 .text.tcp_alloc
                0x08001c40      0x10c ..\obj\tcp.o
                0x08001c40                tcp_alloc
 .text.tcp_new  0x08001d4c       0x10 ..\obj\tcp.o
                0x08001d4c                tcp_new
 .text.tcp_arg  0x08001d5c       0x1c ..\obj\tcp.o
                0x08001d5c                tcp_arg
 .text.tcp_recv
                0x08001d78       0x1c ..\obj\tcp.o
                0x08001d78                tcp_recv
 .text.tcp_sent
                0x08001d94       0x1c ..\obj\tcp.o
                0x08001d94                tcp_sent
 .text.tcp_err  0x08001db0       0x1c ..\obj\tcp.o
                0x08001db0                tcp_err
 .text.tcp_accept
                0x08001dcc       0x1c ..\obj\tcp.o
                0x08001dcc                tcp_accept
 .text.tcp_poll
                0x08001de8       0x28 ..\obj\tcp.o
                0x08001de8                tcp_poll
 .text.tcp_pcb_purge
                0x08001e10       0x60 ..\obj\tcp.o
                0x08001e10                tcp_pcb_purge
 .text.tcp_pcb_remove
                0x08001e70       0xac ..\obj\tcp.o
                0x08001e70                tcp_pcb_remove
 .text.tcp_next_iss
                0x08001f1c       0x28 ..\obj\tcp.o
                0x08001f1c                tcp_next_iss
 .text.tcp_eff_send_mss
                0x08001f44       0x40 ..\obj\tcp.o
                0x08001f44                tcp_eff_send_mss
 .text.tcp_input
                0x08001f84      0x5cc ..\obj\tcp_in.o
                0x08001f84                tcp_input
 .text.tcp_listen_input
                0x08002550      0x1a0 ..\obj\tcp_in.o
 .text.tcp_timewait_input
                0x080026f0       0xe0 ..\obj\tcp_in.o
 .text.tcp_process
                0x080027d0      0x6cc ..\obj\tcp_in.o
 .text.tcp_receive
                0x08002e9c      0x8b8 ..\obj\tcp_in.o
 .text.tcp_parseopt
                0x08003754      0x100 ..\obj\tcp_in.o
 .text.USART_Init
                0x08003854      0x174 ..\obj\stm32f4xx_usart.o
                0x08003854                USART_Init
 .text.USART_Cmd
                0x080039c8       0x40 ..\obj\stm32f4xx_usart.o
                0x080039c8                USART_Cmd
 .text.USART_SendData
                0x08003a08       0x24 ..\obj\stm32f4xx_usart.o
                0x08003a08                USART_SendData
 .text.USART_GetFlagStatus
                0x08003a2c       0x38 ..\obj\stm32f4xx_usart.o
                0x08003a2c                USART_GetFlagStatus
 .text.PWR_BackupAccessCmd
                0x08003a64       0x20 ..\obj\stm32f4xx_pwr.o
                0x08003a64                PWR_BackupAccessCmd
 .text.RTC_setTimeFromSNTP
                0x08003a84      0x164 ..\obj\rtc.o
                0x08003a84                RTC_setTimeFromSNTP
 .text.RTC_Config
                0x08003be8       0xb8 ..\obj\rtc.o
                0x08003be8                RTC_Config
 .text.RTC_TimeShow
                0x08003ca0       0x54 ..\obj\rtc.o
                0x08003ca0                RTC_TimeShow
 .text.RTC_GetTime_char
                0x08003cf4       0x38 ..\obj\rtc.o
                0x08003cf4                RTC_GetTime_char
 .text.RTC_GetDate_char
                0x08003d2c       0x38 ..\obj\rtc.o
                0x08003d2c                RTC_GetDate_char
 .text.RTC_GetDate_yesterday_char
                0x08003d64      0x110 ..\obj\rtc.o
                0x08003d64                RTC_GetDate_yesterday_char
 .text.memp_init
                0x08003e74       0x98 ..\obj\memp.o
                0x08003e74                memp_init
 .text.memp_malloc
                0x08003f0c       0x44 ..\obj\memp.o
                0x08003f0c                memp_malloc
 .text.memp_free
                0x08003f50       0x3c ..\obj\memp.o
                0x08003f50                memp_free
 .text.SD_Init  0x08003f8c       0xb4 ..\obj\stm32f4_discovery_sdio_sd.o
                0x08003f8c                SD_Init
 .text.SD_GetStatus
                0x08004040       0x30 ..\obj\stm32f4_discovery_sdio_sd.o
                0x08004040                SD_GetStatus
 .text.SD_GetState
                0x08004070       0x40 ..\obj\stm32f4_discovery_sdio_sd.o
                0x08004070                SD_GetState
 .text.SD_Detect
                0x080040b0       0x30 ..\obj\stm32f4_discovery_sdio_sd.o
                0x080040b0                SD_Detect
 .text.SD_PowerON
                0x080040e0      0x22c ..\obj\stm32f4_discovery_sdio_sd.o
                0x080040e0                SD_PowerON
 .text.SD_InitializeCards
                0x0800430c      0x18c ..\obj\stm32f4_discovery_sdio_sd.o
                0x0800430c                SD_InitializeCards
 .text.SD_GetCardInfo
                0x08004498      0x564 ..\obj\stm32f4_discovery_sdio_sd.o
                0x08004498                SD_GetCardInfo
 .text.SD_EnableWideBusOperation
                0x080049fc       0xd8 ..\obj\stm32f4_discovery_sdio_sd.o
                0x080049fc                SD_EnableWideBusOperation
 .text.SD_SelectDeselect
                0x08004ad4       0x4c ..\obj\stm32f4_discovery_sdio_sd.o
                0x08004ad4                SD_SelectDeselect
 .text.SD_ReadMultiBlocks
                0x08004b20      0x12c ..\obj\stm32f4_discovery_sdio_sd.o
                0x08004b20                SD_ReadMultiBlocks
 .text.SD_WaitReadOperation
                0x08004c4c       0xb8 ..\obj\stm32f4_discovery_sdio_sd.o
                0x08004c4c                SD_WaitReadOperation
 .text.SD_WriteMultiBlocks
                0x08004d04      0x1a8 ..\obj\stm32f4_discovery_sdio_sd.o
                0x08004d04                SD_WriteMultiBlocks
 .text.SD_WaitWriteOperation
                0x08004eac       0xb8 ..\obj\stm32f4_discovery_sdio_sd.o
                0x08004eac                SD_WaitWriteOperation
 .text.SD_StopTransfer
                0x08004f64       0x48 ..\obj\stm32f4_discovery_sdio_sd.o
                0x08004f64                SD_StopTransfer
 .text.SD_SendStatus
                0x08004fac       0x78 ..\obj\stm32f4_discovery_sdio_sd.o
                0x08004fac                SD_SendStatus
 .text.SD_ProcessIRQSrc
                0x08005024       0xc8 ..\obj\stm32f4_discovery_sdio_sd.o
                0x08005024                SD_ProcessIRQSrc
 .text.SD_ProcessDMAIRQ
                0x080050ec       0x30 ..\obj\stm32f4_discovery_sdio_sd.o
                0x080050ec                SD_ProcessDMAIRQ
 .text.CmdError
                0x0800511c       0x4c ..\obj\stm32f4_discovery_sdio_sd.o
 .text.CmdResp7Error
                0x08005168       0x78 ..\obj\stm32f4_discovery_sdio_sd.o
 .text.CmdResp1Error
                0x080051e0      0x1a0 ..\obj\stm32f4_discovery_sdio_sd.o
 .text.CmdResp3Error
                0x08005380       0x50 ..\obj\stm32f4_discovery_sdio_sd.o
 .text.CmdResp2Error
                0x080053d0       0x68 ..\obj\stm32f4_discovery_sdio_sd.o
 .text.CmdResp6Error
                0x08005438       0xcc ..\obj\stm32f4_discovery_sdio_sd.o
 .text.SDEnWideBus
                0x08005504      0x180 ..\obj\stm32f4_discovery_sdio_sd.o
 .text.FindSCR  0x08005684      0x204 ..\obj\stm32f4_discovery_sdio_sd.o
 .text.autoip_init
                0x08005888        0xc ..\obj\autoip.o
                0x08005888                autoip_init
 .text.autoip_handle_arp_conflict
                0x08005894       0x40 ..\obj\autoip.o
 .text.autoip_create_addr
                0x080058d4       0x88 ..\obj\autoip.o
 .text.autoip_arp_probe
                0x0800595c       0x44 ..\obj\autoip.o
 .text.autoip_arp_announce
                0x080059a0       0x44 ..\obj\autoip.o
 .text.autoip_bind
                0x080059e4       0x5c ..\obj\autoip.o
 .text.autoip_start
                0x08005a40       0xac ..\obj\autoip.o
                0x08005a40                autoip_start
 .text.autoip_start_probing
                0x08005aec       0x88 ..\obj\autoip.o
 .text.autoip_tmr
                0x08005b74      0x16c ..\obj\autoip.o
                0x08005b74                autoip_tmr
 .text.autoip_arp_reply
                0x08005ce0       0xec ..\obj\autoip.o
                0x08005ce0                autoip_arp_reply
 .text.netbuf_new
                0x08005dcc       0x3c ..\obj\netbuf.o
                0x08005dcc                netbuf_new
 .text.netbuf_delete
                0x08005e08       0x3c ..\obj\netbuf.o
                0x08005e08                netbuf_delete
 .text.netbuf_alloc
                0x08005e44       0x5c ..\obj\netbuf.o
                0x08005e44                netbuf_alloc
 .text.netbuf_data
                0x08005ea0       0x5c ..\obj\netbuf.o
                0x08005ea0                netbuf_data
 .text.tcpip_tcp_timer
                0x08005efc       0x44 ..\obj\tcpip.o
 .text.tcp_timer_needed
                0x08005f40       0x40 ..\obj\tcpip.o
                0x08005f40                tcp_timer_needed
 .text.arp_timer
                0x08005f80       0x24 ..\obj\tcpip.o
 .text.dhcp_timer_coarse
                0x08005fa4       0x24 ..\obj\tcpip.o
 .text.dhcp_timer_fine
                0x08005fc8       0x24 ..\obj\tcpip.o
 .text.autoip_timer
                0x08005fec       0x20 ..\obj\tcpip.o
 .text.dns_timer
                0x0800600c       0x24 ..\obj\tcpip.o
 .text.tcpip_thread
                0x08006030      0x154 ..\obj\tcpip.o
 .text.tcpip_input
                0x08006184       0x68 ..\obj\tcpip.o
                0x08006184                tcpip_input
 .text.tcpip_apimsg
                0x080061ec       0x4c ..\obj\tcpip.o
                0x080061ec                tcpip_apimsg
 .text.tcpip_init
                0x08006238       0x54 ..\obj\tcpip.o
                0x08006238                tcpip_init
 .text.fs_malloc
                0x0800628c       0x64 ..\obj\fs.o
 .text.fs_free  0x080062f0       0x54 ..\obj\fs.o
 .text.fs_open  0x08006344       0x7c ..\obj\fs.o
                0x08006344                fs_open
 .text.fs_close
                0x080063c0       0x14 ..\obj\fs.o
                0x080063c0                fs_close
 .text.disk_initialize
                0x080063d4       0x4c ..\obj\diskio.o
                0x080063d4                disk_initialize
 .text.disk_status
                0x08006420       0x24 ..\obj\diskio.o
                0x08006420                disk_status
 .text.disk_read
                0x08006444       0x50 ..\obj\diskio.o
                0x08006444                disk_read
 .text.disk_write
                0x08006494       0x50 ..\obj\diskio.o
                0x08006494                disk_write
 .text.get_fattime
                0x080064e4       0x14 ..\obj\diskio.o
                0x080064e4                get_fattime
 .text.disk_ioctl
                0x080064f8       0x58 ..\obj\diskio.o
                0x080064f8                disk_ioctl
 .text.Default_Reset_Handler
                0x08006550       0x70 ..\obj\startup_stm32f4xx.o
                0x08006550                Default_Reset_Handler
                0x08006550                Reset_Handler
 .text.Default_Handler
                0x080065c0        0x8 ..\obj\startup_stm32f4xx.o
                0x080065c0                RTC_Alarm_IRQHandler
                0x080065c0                HASH_RNG_IRQHandler
                0x080065c0                EXTI2_IRQHandler
                0x080065c0                TIM8_CC_IRQHandler
                0x080065c0                TIM1_CC_IRQHandler
                0x080065c0                DMA2_Stream5_IRQHandler
                0x080065c0                DMA1_Stream5_IRQHandler
                0x080065c0                PVD_IRQHandler
                0x080065c0                TAMP_STAMP_IRQHandler
                0x080065c0                CAN2_RX1_IRQHandler
                0x080065c0                EXTI3_IRQHandler
                0x080065c0                TIM8_TRG_COM_TIM14_IRQHandler
                0x080065c0                TIM1_UP_TIM10_IRQHandler
                0x080065c0                TIM8_UP_TIM13_IRQHandler
                0x080065c0                I2C3_ER_IRQHandler
                0x080065c0                EXTI0_IRQHandler
                0x080065c0                I2C2_EV_IRQHandler
                0x080065c0                DMA1_Stream2_IRQHandler
                0x080065c0                CAN1_RX0_IRQHandler
                0x080065c0                FPU_IRQHandler
                0x080065c0                OTG_HS_WKUP_IRQHandler
                0x080065c0                CAN2_SCE_IRQHandler
                0x080065c0                DMA2_Stream2_IRQHandler
                0x080065c0                SPI1_IRQHandler
                0x080065c0                TIM6_DAC_IRQHandler
                0x080065c0                TIM1_BRK_TIM9_IRQHandler
                0x080065c0                DCMI_IRQHandler
                0x080065c0                CAN2_RX0_IRQHandler
                0x080065c0                USART6_IRQHandler
                0x080065c0                USART3_IRQHandler
                0x080065c0                CRYP_IRQHandler
                0x080065c0                CAN1_RX1_IRQHandler
                0x080065c0                UART5_IRQHandler
                0x080065c0                DMA2_Stream0_IRQHandler
                0x080065c0                TIM4_IRQHandler
                0x080065c0                I2C1_EV_IRQHandler
                0x080065c0                DMA1_Stream6_IRQHandler
                0x080065c0                DMA1_Stream1_IRQHandler
                0x080065c0                UART4_IRQHandler
                0x080065c0                TIM3_IRQHandler
                0x080065c0                RCC_IRQHandler
                0x080065c0                TIM8_BRK_TIM12_IRQHandler
                0x080065c0                EXTI15_10_IRQHandler
                0x080065c0                ADC_IRQHandler
                0x080065c0                DMA1_Stream7_IRQHandler
                0x080065c0                TIM7_IRQHandler
                0x080065c0                CAN2_TX_IRQHandler
                0x080065c0                TIM5_IRQHandler
                0x080065c0                DMA2_Stream7_IRQHandler
                0x080065c0                I2C3_EV_IRQHandler
                0x080065c0                EXTI9_5_IRQHandler
                0x080065c0                RTC_WKUP_IRQHandler
                0x080065c0                ETH_WKUP_IRQHandler
                0x080065c0                SPI2_IRQHandler
                0x080065c0                OTG_HS_EP1_IN_IRQHandler
                0x080065c0                DMA1_Stream0_IRQHandler
                0x080065c0                CAN1_TX_IRQHandler
                0x080065c0                EXTI4_IRQHandler
                0x080065c0                FSMC_IRQHandler
                0x080065c0                OTG_HS_EP1_OUT_IRQHandler
                0x080065c0                WWDG_IRQHandler
                0x080065c0                TIM2_IRQHandler
                0x080065c0                OTG_FS_WKUP_IRQHandler
                0x080065c0                TIM1_TRG_COM_TIM11_IRQHandler
                0x080065c0                OTG_HS_IRQHandler
                0x080065c0                EXTI1_IRQHandler
                0x080065c0                USART2_IRQHandler
                0x080065c0                I2C2_ER_IRQHandler
                0x080065c0                DMA2_Stream1_IRQHandler
                0x080065c0                CAN1_SCE_IRQHandler
                0x080065c0                FLASH_IRQHandler
                0x080065c0                DMA2_Stream4_IRQHandler
                0x080065c0                USART1_IRQHandler
                0x080065c0                OTG_FS_IRQHandler
                0x080065c0                SPI3_IRQHandler
                0x080065c0                DMA1_Stream4_IRQHandler
                0x080065c0                I2C1_ER_IRQHandler
                0x080065c0                DMA2_Stream6_IRQHandler
                0x080065c0                DMA1_Stream3_IRQHandler
 .text.STM_EVAL_LEDInit
                0x080065c8       0x5c ..\obj\stm32f4_discovery.o
                0x080065c8                STM_EVAL_LEDInit
 .text.STM_EVAL_LEDOn
                0x08006624       0x30 ..\obj\stm32f4_discovery.o
                0x08006624                STM_EVAL_LEDOn
 .text.STM_EVAL_LEDOff
                0x08006654       0x30 ..\obj\stm32f4_discovery.o
                0x08006654                STM_EVAL_LEDOff
 .text.STM_EVAL_LEDToggle
                0x08006684       0x3c ..\obj\stm32f4_discovery.o
                0x08006684                STM_EVAL_LEDToggle
 .text.STM_EVAL_COMInit
                0x080066c0      0x124 ..\obj\stm32f4_discovery.o
                0x080066c0                STM_EVAL_COMInit
 .text.SD_LowLevel_Init
                0x080067e4       0xcc ..\obj\stm32f4_discovery.o
                0x080067e4                SD_LowLevel_Init
 .text.SD_LowLevel_DMA_TxConfig
                0x080068b0       0xa0 ..\obj\stm32f4_discovery.o
                0x080068b0                SD_LowLevel_DMA_TxConfig
 .text.SD_LowLevel_DMA_RxConfig
                0x08006950       0xa0 ..\obj\stm32f4_discovery.o
                0x08006950                SD_LowLevel_DMA_RxConfig
 .text.ETH_Delay
                0x080069f0       0x28 ..\obj\stm32f4x7_eth.o
 .text.ETH_DeInit
                0x08006a18       0x1c ..\obj\stm32f4x7_eth.o
                0x08006a18                ETH_DeInit
 .text.ETH_StructInit
                0x08006a34      0x15c ..\obj\stm32f4x7_eth.o
                0x08006a34                ETH_StructInit
 .text.ETH_Init
                0x08006b90      0x414 ..\obj\stm32f4x7_eth.o
                0x08006b90                ETH_Init
 .text.ETH_Start
                0x08006fa4       0x24 ..\obj\stm32f4x7_eth.o
                0x08006fa4                ETH_Start
 .text.ETH_MACTransmissionCmd
                0x08006fc8       0x38 ..\obj\stm32f4x7_eth.o
                0x08006fc8                ETH_MACTransmissionCmd
 .text.ETH_MACReceptionCmd
                0x08007000       0x38 ..\obj\stm32f4x7_eth.o
                0x08007000                ETH_MACReceptionCmd
 .text.ETH_MACAddressConfig
                0x08007038       0x68 ..\obj\stm32f4x7_eth.o
                0x08007038                ETH_MACAddressConfig
 .text.ETH_Get_Received_Frame_interrupt
                0x080070a0      0x13c ..\obj\stm32f4x7_eth.o
                0x080070a0                ETH_Get_Received_Frame_interrupt
 .text.ETH_Prepare_Transmit_Descriptors
                0x080071dc      0x16c ..\obj\stm32f4x7_eth.o
                0x080071dc                ETH_Prepare_Transmit_Descriptors
 .text.ETH_DMARxDescChainInit
                0x08007348       0xa8 ..\obj\stm32f4x7_eth.o
                0x08007348                ETH_DMARxDescChainInit
 .text.ETH_DMATxDescChainInit
                0x080073f0       0x90 ..\obj\stm32f4x7_eth.o
                0x080073f0                ETH_DMATxDescChainInit
 .text.ETH_DMATxDescChecksumInsertionConfig
                0x08007480       0x20 ..\obj\stm32f4x7_eth.o
                0x08007480                ETH_DMATxDescChecksumInsertionConfig
 .text.ETH_DMARxDescReceiveITConfig
                0x080074a0       0x38 ..\obj\stm32f4x7_eth.o
                0x080074a0                ETH_DMARxDescReceiveITConfig
 .text.ETH_SoftwareReset
                0x080074d8       0x24 ..\obj\stm32f4x7_eth.o
                0x080074d8                ETH_SoftwareReset
 .text.ETH_GetSoftwareResetStatus
                0x080074fc       0x38 ..\obj\stm32f4x7_eth.o
                0x080074fc                ETH_GetSoftwareResetStatus
 .text.ETH_GetDMAFlagStatus
                0x08007534       0x3c ..\obj\stm32f4x7_eth.o
                0x08007534                ETH_GetDMAFlagStatus
 .text.ETH_DMAITConfig
                0x08007570       0x54 ..\obj\stm32f4x7_eth.o
                0x08007570                ETH_DMAITConfig
 .text.ETH_DMAClearITPendingBit
                0x080075c4       0x24 ..\obj\stm32f4x7_eth.o
                0x080075c4                ETH_DMAClearITPendingBit
 .text.ETH_FlushTransmitFIFO
                0x080075e8       0x28 ..\obj\stm32f4x7_eth.o
                0x080075e8                ETH_FlushTransmitFIFO
 .text.ETH_DMATransmissionCmd
                0x08007610       0x50 ..\obj\stm32f4x7_eth.o
                0x08007610                ETH_DMATransmissionCmd
 .text.ETH_DMAReceptionCmd
                0x08007660       0x50 ..\obj\stm32f4x7_eth.o
                0x08007660                ETH_DMAReceptionCmd
 .text.ETH_ReadPHYRegister
                0x080076b0       0x9c ..\obj\stm32f4x7_eth.o
                0x080076b0                ETH_ReadPHYRegister
 .text.ETH_WritePHYRegister
                0x0800774c       0xa4 ..\obj\stm32f4x7_eth.o
                0x0800774c                ETH_WritePHYRegister
 .text.read_settings_from_SD
                0x080077f0      0x298 ..\obj\sd_card.o
                0x080077f0                read_settings_from_SD
 .text.SD_read_download_day
                0x08007a88      0x1b8 ..\obj\sd_card.o
                0x08007a88                SD_read_download_day
 .text.SD_day_select
                0x08007c40      0x2e8 ..\obj\sd_card.o
                0x08007c40                SD_day_select
 .text.SD_read_temperature_day
                0x08007f28      0x300 ..\obj\sd_card.o
                0x08007f28                SD_read_temperature_day
 .text.SD_read_temperature
                0x08008228      0x5e8 ..\obj\sd_card.o
                0x08008228                SD_read_temperature
 .text.SD_write_temperature
                0x08008810       0x70 ..\obj\sd_card.o
                0x08008810                SD_write_temperature
 .text.SD_write_data_from_sensor
                0x08008880      0x1e4 ..\obj\sd_card.o
                0x08008880                SD_write_data_from_sensor
 .text.SD_read_Sensors_Names
                0x08008a64      0x158 ..\obj\sd_card.o
                0x08008a64                SD_read_Sensors_Names
 .text.sys_mbox_fetch
                0x08008bbc       0xb8 ..\obj\sys.o
                0x08008bbc                sys_mbox_fetch
 .text.sys_timeout
                0x08008c74       0xe8 ..\obj\sys.o
                0x08008c74                sys_timeout
 .text.sys_untimeout
                0x08008d5c       0x98 ..\obj\sys.o
                0x08008d5c                sys_untimeout
 .text.ip_addr_isbroadcast
                0x08008df4       0x7c ..\obj\ip_addr.o
                0x08008df4                ip_addr_isbroadcast
 .text.sntp_request
                0x08008e70      0x1d4 ..\obj\sntp_netconn.o
                0x08008e70                sntp_request
 .text.lwip_standard_chksum
                0x08009044       0x98 ..\obj\inet_chksum.o
 .text.inet_chksum
                0x080090dc       0x24 ..\obj\inet_chksum.o
                0x080090dc                inet_chksum
 .text.inet_chksum_pbuf
                0x08009100       0x98 ..\obj\inet_chksum.o
                0x08009100                inet_chksum_pbuf
 .text.main     0x08009198      0x174 ..\obj\main.o
                0x08009198                main
 .text.OneWire_threat
                0x0800930c      0x2cc ..\obj\main.o
                0x0800930c                OneWire_threat
 .text.sntp_threat
                0x080095d8       0x7c ..\obj\main.o
                0x080095d8                sntp_threat
 .text.ToggleLed4
                0x08009654       0x18 ..\obj\main.o
                0x08009654                ToggleLed4
 .text.ToggleLed5
                0x0800966c       0xa0 ..\obj\main.o
                0x0800966c                ToggleLed5
 .text.RCC_LSICmd
                0x0800970c       0x20 ..\obj\stm32f4xx_rcc.o
                0x0800970c                RCC_LSICmd
 .text.RCC_GetClocksFreq
                0x0800972c      0x154 ..\obj\stm32f4xx_rcc.o
                0x0800972c                RCC_GetClocksFreq
 .text.RCC_RTCCLKConfig
                0x08009880       0x5c ..\obj\stm32f4xx_rcc.o
                0x08009880                RCC_RTCCLKConfig
 .text.RCC_RTCCLKCmd
                0x080098dc       0x20 ..\obj\stm32f4xx_rcc.o
                0x080098dc                RCC_RTCCLKCmd
 .text.RCC_AHB1PeriphClockCmd
                0x080098fc       0x3c ..\obj\stm32f4xx_rcc.o
                0x080098fc                RCC_AHB1PeriphClockCmd
 .text.RCC_APB1PeriphClockCmd
                0x08009938       0x3c ..\obj\stm32f4xx_rcc.o
                0x08009938                RCC_APB1PeriphClockCmd
 .text.RCC_APB2PeriphClockCmd
                0x08009974       0x3c ..\obj\stm32f4xx_rcc.o
                0x08009974                RCC_APB2PeriphClockCmd
 .text.RCC_AHB1PeriphResetCmd
                0x080099b0       0x3c ..\obj\stm32f4xx_rcc.o
                0x080099b0                RCC_AHB1PeriphResetCmd
 .text.RCC_APB2PeriphResetCmd
                0x080099ec       0x3c ..\obj\stm32f4xx_rcc.o
                0x080099ec                RCC_APB2PeriphResetCmd
 .text.RCC_GetFlagStatus
                0x08009a28       0x74 ..\obj\stm32f4xx_rcc.o
                0x08009a28                RCC_GetFlagStatus
 .text.LwIP_Init
                0x08009a9c       0xc0 ..\obj\netconf.o
                0x08009a9c                LwIP_Init
 .text.NMI_Handler
                0x08009b5c        0xc ..\obj\stm32f4xx_it.o
                0x08009b5c                NMI_Handler
 .text.HardFault_Handler
                0x08009b68       0x10 ..\obj\stm32f4xx_it.o
                0x08009b68                HardFault_Handler
 .text.MemManage_Handler
                0x08009b78       0x10 ..\obj\stm32f4xx_it.o
                0x08009b78                MemManage_Handler
 .text.BusFault_Handler
                0x08009b88       0x10 ..\obj\stm32f4xx_it.o
                0x08009b88                BusFault_Handler
 .text.UsageFault_Handler
                0x08009b98       0x10 ..\obj\stm32f4xx_it.o
                0x08009b98                UsageFault_Handler
 .text.DebugMon_Handler
                0x08009ba8        0xc ..\obj\stm32f4xx_it.o
                0x08009ba8                DebugMon_Handler
 .text.ETH_IRQHandler
                0x08009bb4       0x50 ..\obj\stm32f4xx_it.o
                0x08009bb4                ETH_IRQHandler
 .text.SDIO_IRQHandler
                0x08009c04        0xc ..\obj\stm32f4xx_it.o
                0x08009c04                SDIO_IRQHandler
 .text.DMA2_Stream3_IRQHandler
                0x08009c10        0xc ..\obj\stm32f4xx_it.o
                0x08009c10                DMA2_Stream3_IRQHandler
 .text.http_server_serve
                0x08009c1c      0x244 ..\obj\httpserver-netconn.o
                0x08009c1c                http_server_serve
 .text.http_server_netconn_thread
                0x08009e60       0x54 ..\obj\httpserver-netconn.o
 .text.http_server_netconn_init
                0x08009eb4       0x24 ..\obj\httpserver-netconn.o
                0x08009eb4                http_server_netconn_init
 .text.DynWebPage_tasks
                0x08009ed8      0x280 ..\obj\httpserver-netconn.o
                0x08009ed8                DynWebPage_tasks
 .text.DynWebPage_download_day
                0x0800a158       0x74 ..\obj\httpserver-netconn.o
                0x0800a158                DynWebPage_download_day
 .text.DynWebPage_main_bar
                0x0800a1cc      0x254 ..\obj\httpserver-netconn.o
                0x0800a1cc                DynWebPage_main_bar
 .text.DynWebPage_footer
                0x0800a420       0x30 ..\obj\httpserver-netconn.o
                0x0800a420                DynWebPage_footer
 .text.DynWebPage_sensors_bar
                0x0800a450      0x170 ..\obj\httpserver-netconn.o
                0x0800a450                DynWebPage_sensors_bar
 .text.DynWebPage_period_bar
                0x0800a5c0      0x38c ..\obj\httpserver-netconn.o
                0x0800a5c0                DynWebPage_period_bar
 .text.DynWebPage_IO
                0x0800a94c      0xa48 ..\obj\httpserver-netconn.o
                0x0800a94c                DynWebPage_IO
 .text.DynWebPage_Temperature
                0x0800b394      0x6f8 ..\obj\httpserver-netconn.o
                0x0800b394                DynWebPage_Temperature
 .text.DynWebPage_Main
                0x0800ba8c      0x368 ..\obj\httpserver-netconn.o
                0x0800ba8c                DynWebPage_Main
 .text.lwip_sanity_check
                0x0800bdf4        0xc ..\obj\init.o
 .text.lwip_init
                0x0800be00       0x20 ..\obj\init.o
                0x0800be00                lwip_init
 .text.ETH_BSP_Config
                0x0800be20       0x64 ..\obj\stm32f4x7_eth_bsp.o
                0x0800be20                ETH_BSP_Config
 .text.ETH_MACDMA_Config
                0x0800be84       0xc8 ..\obj\stm32f4x7_eth_bsp.o
 .text.ETH_GPIO_Config
                0x0800bf4c      0x130 ..\obj\stm32f4x7_eth_bsp.o
 .text.ETH_NVIC_Config
                0x0800c07c       0x2c ..\obj\stm32f4x7_eth_bsp.o
 .text.ADC_Init
                0x0800c0a8       0xa8 ..\obj\stm32f4xx_adc.o
                0x0800c0a8                ADC_Init
 .text.ADC_StructInit
                0x0800c150       0x3c ..\obj\stm32f4xx_adc.o
                0x0800c150                ADC_StructInit
 .text.ADC_CommonInit
                0x0800c18c       0x50 ..\obj\stm32f4xx_adc.o
                0x0800c18c                ADC_CommonInit
 .text.ADC_Cmd  0x0800c1dc       0x38 ..\obj\stm32f4xx_adc.o
                0x0800c1dc                ADC_Cmd
 .text.ADC_RegularChannelConfig
                0x0800c214      0x188 ..\obj\stm32f4xx_adc.o
                0x0800c214                ADC_RegularChannelConfig
 .text.ADC_SoftwareStartConv
                0x0800c39c       0x20 ..\obj\stm32f4xx_adc.o
                0x0800c39c                ADC_SoftwareStartConv
 .text.ADC_GetConversionValue
                0x0800c3bc       0x1c ..\obj\stm32f4xx_adc.o
                0x0800c3bc                ADC_GetConversionValue
 .text.PutChar  0x0800c3d8       0x20 ..\obj\printf.o
                0x0800c3d8                PutChar
 .text.PutString
                0x0800c3f8       0x3c ..\obj\printf.o
                0x0800c3f8                PutString
 .text.PutUnsignedInt
                0x0800c434       0xa0 ..\obj\printf.o
                0x0800c434                PutUnsignedInt
 .text.PutSignedInt
                0x0800c4d4       0xfc ..\obj\printf.o
                0x0800c4d4                PutSignedInt
 .text.PutHexa  0x0800c5d0       0xd4 ..\obj\printf.o
                0x0800c5d0                PutHexa
 .text.vsnprintf
                0x0800c6a4      0x254 ..\obj\printf.o
                0x0800c6a4                vsnprintf
 .text.vsprintf
                0x0800c8f8       0x24 ..\obj\printf.o
                0x0800c8f8                vsprintf
 .text.vfprintf
                0x0800c91c       0x68 ..\obj\printf.o
                0x0800c91c                vfprintf
 .text.vprintf  0x0800c984       0x28 ..\obj\printf.o
                0x0800c984                vprintf
 .text.printf   0x0800c9ac       0x28 ..\obj\printf.o
                0x0800c9ac                printf
 .text.sprintf  0x0800c9d4       0x2c ..\obj\printf.o
                0x0800c9d4                sprintf
 .text.puts     0x0800ca00       0x24 ..\obj\printf.o
                0x0800ca00                puts
 .text.fputc    0x0800ca24       0x34 ..\obj\printf.o
                0x0800ca24                fputc
 .text.fputs    0x0800ca58       0x48 ..\obj\printf.o
                0x0800ca58                fputs
 .text.low_level_init
                0x0800caa0      0x11c ..\obj\ethernetif.o
 .text.low_level_output
                0x0800cbbc       0xc0 ..\obj\ethernetif.o
 .text.low_level_input
                0x0800cc7c       0xfc ..\obj\ethernetif.o
 .text.ethernetif_input
                0x0800cd78       0x58 ..\obj\ethernetif.o
 .text.ethernetif_init
                0x0800cdd0       0x50 ..\obj\ethernetif.o
                0x0800cdd0                ethernetif_init
 .text.arp_timer
                0x0800ce20       0x24 ..\obj\ethernetif.o
 .text.etharp_tmr
                0x0800ce44       0x90 ..\obj\etharp.o
                0x0800ce44                etharp_tmr
 .text.find_entry
                0x0800ced4      0x1dc ..\obj\etharp.o
 .text.etharp_send_ip
                0x0800d0b0       0x64 ..\obj\etharp.o
 .text.update_arp_entry
                0x0800d114       0xd0 ..\obj\etharp.o
 .text.etharp_arp_input
                0x0800d1e4      0x1f4 ..\obj\etharp.o
                0x0800d1e4                etharp_arp_input
 .text.etharp_output
                0x0800d3d8       0xf8 ..\obj\etharp.o
                0x0800d3d8                etharp_output
 .text.etharp_query
                0x0800d4d0      0x104 ..\obj\etharp.o
                0x0800d4d0                etharp_query
 .text.etharp_raw
                0x0800d5d4      0x140 ..\obj\etharp.o
                0x0800d5d4                etharp_raw
 .text.etharp_request
                0x0800d714       0x44 ..\obj\etharp.o
                0x0800d714                etharp_request
 .text.ethernet_input
                0x0800d758       0x80 ..\obj\etharp.o
                0x0800d758                ethernet_input
 .text.xTaskGenericCreate
                0x0800d7d8      0x18c ..\obj\tasks.o
                0x0800d7d8                xTaskGenericCreate
 .text.vTaskDelay
                0x0800d964       0x50 ..\obj\tasks.o
                0x0800d964                vTaskDelay
 .text.vTaskStartScheduler
                0x0800d9b4       0x68 ..\obj\tasks.o
                0x0800d9b4                vTaskStartScheduler
 .text.vTaskSuspendAll
                0x0800da1c       0x1c ..\obj\tasks.o
                0x0800da1c                vTaskSuspendAll
 .text.xTaskResumeAll
                0x0800da38      0x108 ..\obj\tasks.o
                0x0800da38                xTaskResumeAll
 .text.xTaskGetTickCount
                0x0800db40       0x24 ..\obj\tasks.o
                0x0800db40                xTaskGetTickCount
 .text.vTaskList
                0x0800db64       0xcc ..\obj\tasks.o
                0x0800db64                vTaskList
 .text.vTaskIncrementTick
                0x0800dc30      0x140 ..\obj\tasks.o
                0x0800dc30                vTaskIncrementTick
 .text.vTaskSwitchContext
                0x0800dd70       0xa4 ..\obj\tasks.o
                0x0800dd70                vTaskSwitchContext
 .text.vTaskPlaceOnEventList
                0x0800de14       0x54 ..\obj\tasks.o
                0x0800de14                vTaskPlaceOnEventList
 .text.xTaskRemoveFromEventList
                0x0800de68       0xb0 ..\obj\tasks.o
                0x0800de68                xTaskRemoveFromEventList
 .text.vTaskSetTimeOutState
                0x0800df18       0x3c ..\obj\tasks.o
                0x0800df18                vTaskSetTimeOutState
 .text.xTaskCheckForTimeOut
                0x0800df54       0x98 ..\obj\tasks.o
                0x0800df54                xTaskCheckForTimeOut
 .text.vTaskMissedYield
                0x0800dfec       0x18 ..\obj\tasks.o
                0x0800dfec                vTaskMissedYield
 .text.prvIdleTask
                0x0800e004       0x20 ..\obj\tasks.o
 .text.prvInitialiseTCBVariables
                0x0800e024       0x6c ..\obj\tasks.o
 .text.prvInitialiseTaskLists
                0x0800e090       0x74 ..\obj\tasks.o
 .text.prvCheckTasksWaitingTermination
                0x0800e104       0x74 ..\obj\tasks.o
 .text.prvAddCurrentTaskToDelayedList
                0x0800e178       0x6c ..\obj\tasks.o
 .text.prvAllocateTCBAndStack
                0x0800e1e4       0x64 ..\obj\tasks.o
 .text.prvListTaskWithinSingleList
                0x0800e248       0xb4 ..\obj\tasks.o
 .text.usTaskCheckFreeStackSpace
                0x0800e2fc       0x30 ..\obj\tasks.o
 .text.prvDeleteTCB
                0x0800e32c       0x20 ..\obj\tasks.o
 .text.xTaskGetCurrentTaskHandle
                0x0800e34c       0x20 ..\obj\tasks.o
                0x0800e34c                xTaskGetCurrentTaskHandle
 .text.vTaskPriorityInherit
                0x0800e36c       0xb4 ..\obj\tasks.o
                0x0800e36c                vTaskPriorityInherit
 .text.vTaskPriorityDisinherit
                0x0800e420       0x7c ..\obj\tasks.o
                0x0800e420                vTaskPriorityDisinherit
 .text.TM_OneWire_Init
                0x0800e49c      0x110 ..\obj\tm_stm32f4_onewire.o
                0x0800e49c                TM_OneWire_Init
 .text.TM_OneWire_Reset
                0x0800e5ac      0x14c ..\obj\tm_stm32f4_onewire.o
                0x0800e5ac                TM_OneWire_Reset
 .text.TM_OneWire_Reset_All
                0x0800e6f8      0x12c ..\obj\tm_stm32f4_onewire.o
                0x0800e6f8                TM_OneWire_Reset_All
 .text.TM_OneWire_ReadBit
                0x0800e824      0x17c ..\obj\tm_stm32f4_onewire.o
                0x0800e824                TM_OneWire_ReadBit
 .text.TM_OneWire_ReadByte
                0x0800e9a0       0xec ..\obj\tm_stm32f4_onewire.o
                0x0800e9a0                TM_OneWire_ReadByte
 .text.TM_OneWire_WriteBit
                0x0800ea8c      0x144 ..\obj\tm_stm32f4_onewire.o
                0x0800ea8c                TM_OneWire_WriteBit
 .text.TM_OneWire_WriteByte
                0x0800ebd0       0x38 ..\obj\tm_stm32f4_onewire.o
                0x0800ebd0                TM_OneWire_WriteByte
 .text.TM_read_temp
                0x0800ec08      0x3e4 ..\obj\tm_stm32f4_onewire.o
                0x0800ec08                TM_read_temp
 .text.crc8     0x0800efec       0x84 ..\obj\tm_stm32f4_onewire.o
                0x0800efec                crc8
 .text.delayuS  0x0800f070       0x2c ..\obj\tm_stm32f4_onewire.o
                0x0800f070                delayuS
 .text.pbuf_alloc
                0x0800f09c      0x1f8 ..\obj\pbuf.o
                0x0800f09c                pbuf_alloc
 .text.pbuf_realloc
                0x0800f294       0xc8 ..\obj\pbuf.o
                0x0800f294                pbuf_realloc
 .text.pbuf_header
                0x0800f35c       0xe0 ..\obj\pbuf.o
                0x0800f35c                pbuf_header
 .text.pbuf_free
                0x0800f43c       0xa0 ..\obj\pbuf.o
                0x0800f43c                pbuf_free
 .text.pbuf_clen
                0x0800f4dc       0x30 ..\obj\pbuf.o
                0x0800f4dc                pbuf_clen
 .text.pbuf_ref
                0x0800f50c       0x24 ..\obj\pbuf.o
                0x0800f50c                pbuf_ref
 .text.pbuf_cat
                0x0800f530       0x5c ..\obj\pbuf.o
                0x0800f530                pbuf_cat
 .text.pbuf_chain
                0x0800f58c       0x20 ..\obj\pbuf.o
                0x0800f58c                pbuf_chain
 .text.pbuf_copy
                0x0800f5ac      0x100 ..\obj\pbuf.o
                0x0800f5ac                pbuf_copy
 .text.pbuf_copy_partial
                0x0800f6ac       0xc4 ..\obj\pbuf.o
                0x0800f6ac                pbuf_copy_partial
 .text.inet_addr
                0x0800f770       0x2c ..\obj\inet.o
                0x0800f770                inet_addr
 .text.inet_aton
                0x0800f79c      0x230 ..\obj\inet.o
                0x0800f79c                inet_aton
 .text.htons    0x0800f9cc       0x2c ..\obj\inet.o
                0x0800f9cc                htons
 .text.ntohs    0x0800f9f8       0x1c ..\obj\inet.o
                0x0800f9f8                ntohs
 .text.htonl    0x0800fa14       0x34 ..\obj\inet.o
                0x0800fa14                htonl
 .text.ntohl    0x0800fa48       0x18 ..\obj\inet.o
                0x0800fa48                ntohl
 .text.ADC_Configuration
                0x0800fa60       0x9c ..\obj\gpio_adc.o
                0x0800fa60                ADC_Configuration
 *fill*         0x0800fafc        0x4 
 .text.ADC_Handler
                0x0800fb00      0x140 ..\obj\gpio_adc.o
                0x0800fb00                ADC_Handler
 .text.LED5_off
                0x0800fc40       0x18 ..\obj\gpio_adc.o
                0x0800fc40                LED5_off
 .text.LED5_on  0x0800fc58       0x18 ..\obj\gpio_adc.o
                0x0800fc58                LED5_on
 .text.LED5_status
                0x0800fc70       0x18 ..\obj\gpio_adc.o
                0x0800fc70                LED5_status
 .text.GPIO_init
                0x0800fc88       0xac ..\obj\gpio_adc.o
                0x0800fc88                GPIO_init
 .text.OUT1_off
                0x0800fd34       0x2c ..\obj\gpio_adc.o
                0x0800fd34                OUT1_off
 .text.OUT1_on  0x0800fd60       0x2c ..\obj\gpio_adc.o
                0x0800fd60                OUT1_on
 .text.OUT1_status
                0x0800fd8c       0x20 ..\obj\gpio_adc.o
                0x0800fd8c                OUT1_status
 .text.OUT2_off
                0x0800fdac       0x2c ..\obj\gpio_adc.o
                0x0800fdac                OUT2_off
 .text.OUT2_on  0x0800fdd8       0x2c ..\obj\gpio_adc.o
                0x0800fdd8                OUT2_on
 .text.OUT2_status
                0x0800fe04       0x20 ..\obj\gpio_adc.o
                0x0800fe04                OUT2_status
 .text.IN1_status
                0x0800fe24       0x28 ..\obj\gpio_adc.o
                0x0800fe24                IN1_status
 .text.netif_add
                0x0800fe4c       0x90 ..\obj\netif.o
                0x0800fe4c                netif_add
 .text.netif_set_addr
                0x0800fedc       0x2c ..\obj\netif.o
                0x0800fedc                netif_set_addr
 .text.netif_set_ipaddr
                0x0800ff08       0xac ..\obj\netif.o
                0x0800ff08                netif_set_ipaddr
 .text.netif_set_gw
                0x0800ffb4       0x28 ..\obj\netif.o
                0x0800ffb4                netif_set_gw
 .text.netif_set_netmask
                0x0800ffdc       0x28 ..\obj\netif.o
                0x0800ffdc                netif_set_netmask
 .text.netif_set_default
                0x08010004       0x1c ..\obj\netif.o
                0x08010004                netif_set_default
 .text.netif_set_up
                0x08010020       0x48 ..\obj\netif.o
                0x08010020                netif_set_up
 .text.netif_set_down
                0x08010068       0x34 ..\obj\netif.o
                0x08010068                netif_set_down
 .text.netif_is_up
                0x0801009c       0x28 ..\obj\netif.o
                0x0801009c                netif_is_up
 .text.recv_raw
                0x080100c4       0xe0 ..\obj\api_msg.o
 .text.recv_udp
                0x080101a4       0xa0 ..\obj\api_msg.o
 .text.recv_tcp
                0x08010244       0x84 ..\obj\api_msg.o
 .text.poll_tcp
                0x080102c8       0x38 ..\obj\api_msg.o
 .text.sent_tcp
                0x08010300       0x70 ..\obj\api_msg.o
 .text.err_tcp  0x08010370       0xb4 ..\obj\api_msg.o
 .text.setup_tcp
                0x08010424       0x50 ..\obj\api_msg.o
 .text.accept_function
                0x08010474       0x90 ..\obj\api_msg.o
 .text.pcb_new  0x08010504       0xfc ..\obj\api_msg.o
 .text.do_newconn
                0x08010600       0x2c ..\obj\api_msg.o
                0x08010600                do_newconn
 .text.netconn_alloc
                0x0801062c       0xe0 ..\obj\api_msg.o
                0x0801062c                netconn_alloc
 .text.netconn_free
                0x0801070c       0xb4 ..\obj\api_msg.o
                0x0801070c                netconn_free
 .text.do_close_internal
                0x080107c0      0x10c ..\obj\api_msg.o
 .text.do_delconn
                0x080108cc       0xb8 ..\obj\api_msg.o
                0x080108cc                do_delconn
 .text.do_bind  0x08010984       0xb4 ..\obj\api_msg.o
                0x08010984                do_bind
 .text.do_connected
                0x08010a38       0x54 ..\obj\api_msg.o
 .text.do_connect
                0x08010a8c       0xe4 ..\obj\api_msg.o
                0x08010a8c                do_connect
 .text.do_listen
                0x08010b70       0xf8 ..\obj\api_msg.o
                0x08010b70                do_listen
 .text.do_send  0x08010c68       0xe4 ..\obj\api_msg.o
                0x08010c68                do_send
 .text.do_recv  0x08010d4c       0x50 ..\obj\api_msg.o
                0x08010d4c                do_recv
 .text.do_writemore
                0x08010d9c      0x170 ..\obj\api_msg.o
 .text.do_write
                0x08010f0c       0x70 ..\obj\api_msg.o
                0x08010f0c                do_write
 .text.do_close
                0x08010f7c       0x4c ..\obj\api_msg.o
                0x08010f7c                do_close
 .text.GPIO_Init
                0x08010fc8      0x11c ..\obj\stm32f4xx_gpio.o
                0x08010fc8                GPIO_Init
 .text.GPIO_ReadInputDataBit
                0x080110e4       0x34 ..\obj\stm32f4xx_gpio.o
                0x080110e4                GPIO_ReadInputDataBit
 .text.GPIO_SetBits
                0x08011118       0x1c ..\obj\stm32f4xx_gpio.o
                0x08011118                GPIO_SetBits
 .text.GPIO_ResetBits
                0x08011134       0x1c ..\obj\stm32f4xx_gpio.o
                0x08011134                GPIO_ResetBits
 .text.GPIO_PinAFConfig
                0x08011150       0x8c ..\obj\stm32f4xx_gpio.o
                0x08011150                GPIO_PinAFConfig
 .text.sys_mbox_new
                0x080111dc       0x20 ..\obj\sys_arch.o
                0x080111dc                sys_mbox_new
 .text.sys_mbox_free
                0x080111fc       0x1c ..\obj\sys_arch.o
                0x080111fc                sys_mbox_free
 .text.sys_mbox_post
                0x08011218       0x28 ..\obj\sys_arch.o
                0x08011218                sys_mbox_post
 .text.sys_mbox_trypost
                0x08011240       0x34 ..\obj\sys_arch.o
                0x08011240                sys_mbox_trypost
 .text.sys_arch_mbox_fetch
                0x08011274       0x84 ..\obj\sys_arch.o
                0x08011274                sys_arch_mbox_fetch
 .text.sys_arch_mbox_tryfetch
                0x080112f8       0x38 ..\obj\sys_arch.o
                0x080112f8                sys_arch_mbox_tryfetch
 .text.sys_sem_new
                0x08011330       0x50 ..\obj\sys_arch.o
                0x08011330                sys_sem_new
 .text.sys_arch_sem_wait
                0x08011380       0x70 ..\obj\sys_arch.o
                0x08011380                sys_arch_sem_wait
 .text.sys_sem_signal
                0x080113f0       0x1c ..\obj\sys_arch.o
                0x080113f0                sys_sem_signal
 .text.sys_sem_free
                0x0801140c       0x14 ..\obj\sys_arch.o
                0x0801140c                sys_sem_free
 .text.sys_init
                0x08011420       0x48 ..\obj\sys_arch.o
                0x08011420                sys_init
 .text.sys_arch_timeouts
                0x08011468       0x50 ..\obj\sys_arch.o
                0x08011468                sys_arch_timeouts
 .text.sys_thread_new
                0x080114b8       0x70 ..\obj\sys_arch.o
                0x080114b8                sys_thread_new
 .text.vListInitialise
                0x08011528       0x40 ..\obj\list.o
                0x08011528                vListInitialise
 .text.vListInitialiseItem
                0x08011568       0x18 ..\obj\list.o
                0x08011568                vListInitialiseItem
 .text.vListInsertEnd
                0x08011580       0x50 ..\obj\list.o
                0x08011580                vListInsertEnd
 .text.vListInsert
                0x080115d0       0x70 ..\obj\list.o
                0x080115d0                vListInsert
 .text.vListRemove
                0x08011640       0x50 ..\obj\list.o
                0x08011640                vListRemove
 .text.SystemInit
                0x08011690       0x68 ..\obj\system_stm32f4xx.o
                0x08011690                SystemInit
 .text.SetSysClock
                0x080116f8       0xf4 ..\obj\system_stm32f4xx.o
 .text._sbrk    0x080117ec       0x40 ..\obj\syscalls.o
                0x080117ec                _sbrk
 .text.DMA_DeInit
                0x0801182c      0x1a4 ..\obj\stm32f4xx_dma.o
                0x0801182c                DMA_DeInit
 .text.DMA_Init
                0x080119d0       0xac ..\obj\stm32f4xx_dma.o
                0x080119d0                DMA_Init
 .text.DMA_Cmd  0x08011a7c       0x38 ..\obj\stm32f4xx_dma.o
                0x08011a7c                DMA_Cmd
 .text.DMA_FlowControllerConfig
                0x08011ab4       0x34 ..\obj\stm32f4xx_dma.o
                0x08011ab4                DMA_FlowControllerConfig
 .text.DMA_ClearFlag
                0x08011ae8       0x5c ..\obj\stm32f4xx_dma.o
                0x08011ae8                DMA_ClearFlag
 .text.DMA_ITConfig
                0x08011b44       0x74 ..\obj\stm32f4xx_dma.o
                0x08011b44                DMA_ITConfig
 .text.xQueueGenericCreate
                0x08011bb8       0xd8 ..\obj\queue.o
                0x08011bb8                xQueueGenericCreate
 .text.xQueueCreateMutex
                0x08011c90       0x94 ..\obj\queue.o
                0x08011c90                xQueueCreateMutex
 .text.xQueueCreateCountingSemaphore
                0x08011d24       0x3c ..\obj\queue.o
                0x08011d24                xQueueCreateCountingSemaphore
 .text.xQueueGenericSend
                0x08011d60      0x140 ..\obj\queue.o
                0x08011d60                xQueueGenericSend
 .text.xQueueGenericSendFromISR
                0x08011ea0       0xc4 ..\obj\queue.o
                0x08011ea0                xQueueGenericSendFromISR
 .text.xQueueGenericReceive
                0x08011f64      0x1a0 ..\obj\queue.o
                0x08011f64                xQueueGenericReceive
 .text.uxQueueMessagesWaiting
                0x08012104       0x30 ..\obj\queue.o
                0x08012104                uxQueueMessagesWaiting
 .text.vQueueDelete
                0x08012134       0x34 ..\obj\queue.o
                0x08012134                vQueueDelete
 .text.prvCopyDataToQueue
                0x08012168       0xb8 ..\obj\queue.o
 .text.prvCopyDataFromQueue
                0x08012220       0x4c ..\obj\queue.o
 .text.prvUnlockQueue
                0x0801226c       0x98 ..\obj\queue.o
 .text.prvIsQueueEmpty
                0x08012304       0x2c ..\obj\queue.o
 .text.prvIsQueueFull
                0x08012330       0x30 ..\obj\queue.o
 .text.vQueueUnregisterQueue
                0x08012360       0x44 ..\obj\queue.o
 .text.pxPortInitialiseStack
                0x080123a4       0x5c ..\obj\port.o
                0x080123a4                pxPortInitialiseStack
 .text.SVC_Handler
                0x08012400       0x20 ..\obj\port.o
                0x08012400                SVC_Handler
 .text.vPortStartFirstTask
                0x08012420       0x14 ..\obj\port.o
                0x08012420                vPortStartFirstTask
 .text.xPortStartScheduler
                0x08012434       0x38 ..\obj\port.o
                0x08012434                xPortStartScheduler
 .text.vPortYieldFromISR
                0x0801246c       0x18 ..\obj\port.o
                0x0801246c                vPortYieldFromISR
 .text.vPortEnterCritical
                0x08012484       0x24 ..\obj\port.o
                0x08012484                vPortEnterCritical
 .text.vPortExitCritical
                0x080124a8       0x2c ..\obj\port.o
                0x080124a8                vPortExitCritical
 .text.PendSV_Handler
                0x080124d4       0x58 ..\obj\port.o
                0x080124d4                PendSV_Handler
 .text.SysTick_Handler
                0x0801252c       0x30 ..\obj\port.o
                0x0801252c                SysTick_Handler
 .text.prvSetupTimerInterrupt
                0x0801255c       0x34 ..\obj\port.o
 .text.default_settings
                0x08012590       0x78 ..\obj\settings.o
                0x08012590                default_settings
 .text.mem_cpy  0x08012608       0x3c ..\obj\ff.o
 .text.mem_set  0x08012644       0x34 ..\obj\ff.o
 .text.mem_cmp  0x08012678       0x50 ..\obj\ff.o
 .text.chk_chr  0x080126c8       0x38 ..\obj\ff.o
 .text.move_window
                0x08012700       0xbc ..\obj\ff.o
 .text.sync     0x080127bc      0x14c ..\obj\ff.o
 .text.clust2sect
                0x08012908       0x3c ..\obj\ff.o
                0x08012908                clust2sect
 .text.get_fat  0x08012944      0x158 ..\obj\ff.o
                0x08012944                get_fat
 .text.put_fat  0x08012a9c      0x1fc ..\obj\ff.o
                0x08012a9c                put_fat
 .text.remove_chain
                0x08012c98       0x9c ..\obj\ff.o
 .text.create_chain
                0x08012d34      0x118 ..\obj\ff.o
 .text.dir_sdi  0x08012e4c      0x104 ..\obj\ff.o
 .text.dir_next
                0x08012f50      0x1a8 ..\obj\ff.o
 .text.dir_find
                0x080130f8       0x94 ..\obj\ff.o
 .text.dir_read
                0x0801318c       0x8c ..\obj\ff.o
 .text.dir_register
                0x08013218       0xac ..\obj\ff.o
 .text.create_name
                0x080132c4      0x298 ..\obj\ff.o
 .text.get_fileinfo
                0x0801355c      0x114 ..\obj\ff.o
 .text.follow_path
                0x08013670      0x124 ..\obj\ff.o
 .text.check_fs
                0x08013794       0xc0 ..\obj\ff.o
 .text.chk_mounted
                0x08013854      0x528 ..\obj\ff.o
 .text.validate
                0x08013d7c       0x4c ..\obj\ff.o
 .text.f_mount  0x08013dc8       0x54 ..\obj\ff.o
                0x08013dc8                f_mount
 .text.f_open   0x08013e1c      0x2d4 ..\obj\ff.o
                0x08013e1c                f_open
 .text.f_read   0x080140f0      0x2c0 ..\obj\ff.o
                0x080140f0                f_read
 .text.f_write  0x080143b0      0x318 ..\obj\ff.o
                0x080143b0                f_write
 .text.f_sync   0x080146c8      0x184 ..\obj\ff.o
                0x080146c8                f_sync
 .text.f_close  0x0801484c       0x28 ..\obj\ff.o
                0x0801484c                f_close
 .text.f_chdir  0x08014874       0xbc ..\obj\ff.o
                0x08014874                f_chdir
 .text.f_lseek  0x08014930      0x2b4 ..\obj\ff.o
                0x08014930                f_lseek
 .text.f_opendir
                0x08014be4       0xc8 ..\obj\ff.o
                0x08014be4                f_opendir
 .text.f_readdir
                0x08014cac       0x90 ..\obj\ff.o
                0x08014cac                f_readdir
 .text.f_stat   0x08014d3c       0x70 ..\obj\ff.o
                0x08014d3c                f_stat
 .text.f_mkdir  0x08014dac      0x2f4 ..\obj\ff.o
                0x08014dac                f_mkdir
 .text.f_gets   0x080150a0       0x70 ..\obj\ff.o
                0x080150a0                f_gets
 .text.udp_input
                0x08015110      0x28c ..\obj\udp.o
                0x08015110                udp_input
 .text.udp_send
                0x0801539c       0x24 ..\obj\udp.o
                0x0801539c                udp_send
 .text.udp_sendto
                0x080153c0       0x3c ..\obj\udp.o
                0x080153c0                udp_sendto
 .text.udp_sendto_if
                0x080153fc      0x128 ..\obj\udp.o
                0x080153fc                udp_sendto_if
 .text.udp_bind
                0x08015524       0xc0 ..\obj\udp.o
                0x08015524                udp_bind
 .text.udp_connect
                0x080155e4       0x9c ..\obj\udp.o
                0x080155e4                udp_connect
 .text.udp_recv
                0x08015680       0x24 ..\obj\udp.o
                0x08015680                udp_recv
 .text.udp_remove
                0x080156a4       0x60 ..\obj\udp.o
                0x080156a4                udp_remove
 .text.udp_new  0x08015704       0x30 ..\obj\udp.o
                0x08015704                udp_new
 .text.ip_route
                0x08015734       0x70 ..\obj\ip.o
                0x08015734                ip_route
 .text.ip_input
                0x080157a4      0x26c ..\obj\ip.o
                0x080157a4                ip_input
 .text.ip_output_if
                0x08015a10      0x174 ..\obj\ip.o
                0x08015a10                ip_output_if
 .text.ip_output
                0x08015b84       0x48 ..\obj\ip.o
                0x08015b84                ip_output
 .text.icmp_input
                0x08015bcc      0x204 ..\obj\icmp.o
                0x08015bcc                icmp_input
 .text.icmp_dest_unreach
                0x08015dd0       0x20 ..\obj\icmp.o
                0x08015dd0                icmp_dest_unreach
 .text.icmp_send_response
                0x08015df0       0xa8 ..\obj\icmp.o
 .text.dns_init
                0x08015e98       0x68 ..\obj\dns.o
                0x08015e98                dns_init
 .text.dns_setserver
                0x08015f00       0x48 ..\obj\dns.o
                0x08015f00                dns_setserver
 .text.dns_tmr  0x08015f48       0x18 ..\obj\dns.o
                0x08015f48                dns_tmr
 .text.dns_compare_name
                0x08015f60       0x68 ..\obj\dns.o
 .text.dns_parse_name
                0x08015fc8       0x4c ..\obj\dns.o
 .text.dns_send
                0x08016014      0x150 ..\obj\dns.o
 .text.dns_check_entry
                0x08016164      0x150 ..\obj\dns.o
 .text.dns_check_entries
                0x080162b4       0x28 ..\obj\dns.o
 .text.dns_recv
                0x080162dc      0x204 ..\obj\dns.o
 .text.NVIC_PriorityGroupConfig
                0x080164e0       0x24 ..\obj\misc.o
                0x080164e0                NVIC_PriorityGroupConfig
 .text.NVIC_Init
                0x08016504       0xbc ..\obj\misc.o
                0x08016504                NVIC_Init
 .text.netconn_new_with_proto_and_callback
                0x080165c0       0x70 ..\obj\api_lib.o
                0x080165c0                netconn_new_with_proto_and_callback
 .text.netconn_delete
                0x08016630       0x40 ..\obj\api_lib.o
                0x08016630                netconn_delete
 .text.netconn_bind
                0x08016670       0x44 ..\obj\api_lib.o
                0x08016670                netconn_bind
 .text.netconn_connect
                0x080166b4       0x44 ..\obj\api_lib.o
                0x080166b4                netconn_connect
 .text.netconn_listen_with_backlog
                0x080166f8       0x3c ..\obj\api_lib.o
                0x080166f8                netconn_listen_with_backlog
 .text.netconn_accept
                0x08016734       0x60 ..\obj\api_lib.o
                0x08016734                netconn_accept
 .text.netconn_recv
                0x08016794      0x19c ..\obj\api_lib.o
                0x08016794                netconn_recv
 .text.netconn_send
                0x08016930       0x3c ..\obj\api_lib.o
                0x08016930                netconn_send
 .text.netconn_write
                0x0801696c       0x58 ..\obj\api_lib.o
                0x0801696c                netconn_write
 .text.netconn_close
                0x080169c4       0x38 ..\obj\api_lib.o
                0x080169c4                netconn_close
 .text.dhcp_check
                0x080169fc       0x5c ..\obj\dhcp.o
 .text.dhcp_select
                0x08016a58      0x144 ..\obj\dhcp.o
 .text.dhcp_coarse_tmr
                0x08016b9c       0x5c ..\obj\dhcp.o
                0x08016b9c                dhcp_coarse_tmr
 .text.dhcp_fine_tmr
                0x08016bf8       0x60 ..\obj\dhcp.o
                0x08016bf8                dhcp_fine_tmr
 .text.dhcp_timeout
                0x08016c58       0xc8 ..\obj\dhcp.o
 .text.dhcp_t1_timeout
                0x08016d20       0x34 ..\obj\dhcp.o
 .text.dhcp_t2_timeout
                0x08016d54       0x34 ..\obj\dhcp.o
 .text.dhcp_arp_reply
                0x08016d88       0x40 ..\obj\dhcp.o
                0x08016d88                dhcp_arp_reply
 .text.dhcp_decline
                0x08016dc8       0xd4 ..\obj\dhcp.o
 .text.dhcp_discover
                0x08016e9c      0x118 ..\obj\dhcp.o
 .text.dhcp_bind
                0x08016fb4      0x168 ..\obj\dhcp.o
 .text.dhcp_renew
                0x0801711c       0xe4 ..\obj\dhcp.o
                0x0801711c                dhcp_renew
 .text.dhcp_rebind
                0x08017200       0xe4 ..\obj\dhcp.o
 .text.dhcp_reboot
                0x080172e4      0x100 ..\obj\dhcp.o
 .text.dhcp_release
                0x080173e4      0x12c ..\obj\dhcp.o
                0x080173e4                dhcp_release
 .text.dhcp_set_state
                0x08017510       0x2c ..\obj\dhcp.o
 .text.dhcp_option
                0x0801753c       0x4c ..\obj\dhcp.o
 .text.dhcp_option_byte
                0x08017588       0x30 ..\obj\dhcp.o
 .text.dhcp_option_short
                0x080175b8       0x50 ..\obj\dhcp.o
 .text.dhcp_option_long
                0x08017608       0x8c ..\obj\dhcp.o
 .text.dhcp_create_request
                0x08017694      0x1e4 ..\obj\dhcp.o
 .text.dhcp_delete_request
                0x08017878       0x44 ..\obj\dhcp.o
 .text.dhcp_option_trailer
                0x080178bc       0x60 ..\obj\dhcp.o
 .text.RTC_Init
                0x0801791c       0x78 ..\obj\stm32f4xx_rtc.o
                0x0801791c                RTC_Init
 .text.RTC_EnterInitMode
                0x08017994       0x74 ..\obj\stm32f4xx_rtc.o
                0x08017994                RTC_EnterInitMode
 .text.RTC_ExitInitMode
                0x08017a08       0x1c ..\obj\stm32f4xx_rtc.o
                0x08017a08                RTC_ExitInitMode
 .text.RTC_WaitForSynchro
                0x08017a24       0x78 ..\obj\stm32f4xx_rtc.o
                0x08017a24                RTC_WaitForSynchro
 .text.RTC_SetTime
                0x08017a9c      0x114 ..\obj\stm32f4xx_rtc.o
                0x08017a9c                RTC_SetTime
 .text.RTC_GetTime
                0x08017bb0       0x9c ..\obj\stm32f4xx_rtc.o
                0x08017bb0                RTC_GetTime
 .text.RTC_SetDate
                0x08017c4c      0x120 ..\obj\stm32f4xx_rtc.o
                0x08017c4c                RTC_SetDate
 .text.RTC_GetDate
                0x08017d6c       0x9c ..\obj\stm32f4xx_rtc.o
                0x08017d6c                RTC_GetDate
 .text.RTC_WriteBackupRegister
                0x08017e08       0x30 ..\obj\stm32f4xx_rtc.o
                0x08017e08                RTC_WriteBackupRegister
 .text.RTC_ByteToBcd2
                0x08017e38       0x3c ..\obj\stm32f4xx_rtc.o
 .text.RTC_Bcd2ToByte
                0x08017e74       0x38 ..\obj\stm32f4xx_rtc.o
 .text.STM32f4_Discovery_Debug_Init
                0x08017eac       0x3c ..\obj\stm32f4_discovery_debug.o
                0x08017eac                STM32f4_Discovery_Debug_Init
 .text.TIM_TimeBaseInit
                0x08017ee8       0xd4 ..\obj\stm32f4xx_tim.o
                0x08017ee8                TIM_TimeBaseInit
 .text.TIM_SetCounter
                0x08017fbc       0x1c ..\obj\stm32f4xx_tim.o
                0x08017fbc                TIM_SetCounter
 .text.TIM_GetCounter
                0x08017fd8       0x18 ..\obj\stm32f4xx_tim.o
                0x08017fd8                TIM_GetCounter
 .text.TIM_Cmd  0x08017ff0       0x40 ..\obj\stm32f4xx_tim.o
                0x08017ff0                TIM_Cmd
 .text.tcp_output_set_header
                0x08018030       0xec ..\obj\tcp_out.o
 .text.tcp_send_ctrl
                0x0801811c       0x2c ..\obj\tcp_out.o
                0x0801811c                tcp_send_ctrl
 .text.tcp_write
                0x08018148       0x60 ..\obj\tcp_out.o
                0x08018148                tcp_write
 .text.tcp_enqueue
                0x080181a8      0x5a8 ..\obj\tcp_out.o
                0x080181a8                tcp_enqueue
 .text.tcp_send_empty_ack
                0x08018750       0x84 ..\obj\tcp_out.o
                0x08018750                tcp_send_empty_ack
 .text.tcp_output
                0x080187d4      0x2d4 ..\obj\tcp_out.o
                0x080187d4                tcp_output
 .text.tcp_output_segment
                0x08018aa8      0x140 ..\obj\tcp_out.o
 .text.tcp_rst  0x08018be8       0xf0 ..\obj\tcp_out.o
                0x08018be8                tcp_rst
 .text.tcp_rexmit_rto
                0x08018cd8       0x60 ..\obj\tcp_out.o
                0x08018cd8                tcp_rexmit_rto
 .text.tcp_rexmit
                0x08018d38       0x84 ..\obj\tcp_out.o
                0x08018d38                tcp_rexmit
 .text.tcp_rexmit_fast
                0x08018dbc       0xac ..\obj\tcp_out.o
                0x08018dbc                tcp_rexmit_fast
 .text.tcp_keepalive
                0x08018e68       0x5c ..\obj\tcp_out.o
                0x08018e68                tcp_keepalive
 .text.tcp_zero_window_probe
                0x08018ec4       0xe0 ..\obj\tcp_out.o
                0x08018ec4                tcp_zero_window_probe
 .text.raw_input
                0x08018fa4       0xac ..\obj\raw.o
                0x08018fa4                raw_input
 .text.raw_bind
                0x08019050       0x2c ..\obj\raw.o
                0x08019050                raw_bind
 .text.raw_connect
                0x0801907c       0x2c ..\obj\raw.o
                0x0801907c                raw_connect
 .text.raw_recv
                0x080190a8       0x24 ..\obj\raw.o
                0x080190a8                raw_recv
 .text.raw_sendto
                0x080190cc       0xc8 ..\obj\raw.o
                0x080190cc                raw_sendto
 .text.raw_send
                0x08019194       0x24 ..\obj\raw.o
                0x08019194                raw_send
 .text.raw_remove
                0x080191b8       0x60 ..\obj\raw.o
                0x080191b8                raw_remove
 .text.raw_new  0x08019218       0x4c ..\obj\raw.o
                0x08019218                raw_new
 .text          0x08019264      0x370 c:/gnu-tools-arm-embedded/48-2014q1/bin/../lib/gcc/arm-none-eabi/4.8.3/armv7e-m/fpu\libgcc.a(_arm_addsubdf3.o)
                0x08019264                __aeabi_drsub
                0x0801926c                __aeabi_dsub
                0x0801926c                __subdf3
                0x08019270                __aeabi_dadd
                0x08019270                __adddf3
                0x080194e8                __floatunsidf
                0x080194e8                __aeabi_ui2d
                0x08019508                __floatsidf
                0x08019508                __aeabi_i2d
                0x0801952c                __aeabi_f2d
                0x0801952c                __extendsfdf2
                0x08019568                __floatundidf
                0x08019568                __aeabi_ul2d
                0x08019578                __floatdidf
                0x08019578                __aeabi_l2d
 .text          0x080195d4      0x424 c:/gnu-tools-arm-embedded/48-2014q1/bin/../lib/gcc/arm-none-eabi/4.8.3/armv7e-m/fpu\libgcc.a(_arm_muldivdf3.o)
                0x080195d4                __aeabi_dmul
                0x080195d4                __muldf3
                0x08019828                __divdf3
                0x08019828                __aeabi_ddiv
 .text          0x080199f8       0x40 c:/gnu-tools-arm-embedded/48-2014q1/bin/../lib/gcc/arm-none-eabi/4.8.3/armv7e-m/fpu\libgcc.a(_arm_fixunsdfsi.o)
                0x080199f8                __aeabi_d2uiz
                0x080199f8                __fixunsdfsi
 .text.atoi     0x08019a38        0x8 c:/gnu-tools-arm-embedded/48-2014q1/bin/../lib/gcc/arm-none-eabi/4.8.3/../../../../arm-none-eabi/lib/armv7e-m/fpu\libg.a(lib_a-atoi.o)
                0x08019a38                atoi
 .text.localtime
                0x08019a40       0x10 c:/gnu-tools-arm-embedded/48-2014q1/bin/../lib/gcc/arm-none-eabi/4.8.3/../../../../arm-none-eabi/lib/armv7e-m/fpu\libg.a(lib_a-lcltime.o)
                0x08019a40                localtime
 .text.localtime_r
                0x08019a50        0x8 c:/gnu-tools-arm-embedded/48-2014q1/bin/../lib/gcc/arm-none-eabi/4.8.3/../../../../arm-none-eabi/lib/armv7e-m/fpu\libg.a(lib_a-lcltime_r.o)
                0x08019a50                localtime_r
 .text.memcmp   0x08019a58       0x68 c:/gnu-tools-arm-embedded/48-2014q1/bin/../lib/gcc/arm-none-eabi/4.8.3/../../../../arm-none-eabi/lib/armv7e-m/fpu\libg.a(lib_a-memcmp.o)
                0x08019a58                memcmp
 .text          0x08019ac0      0x134 c:/gnu-tools-arm-embedded/48-2014q1/bin/../lib/gcc/arm-none-eabi/4.8.3/../../../../arm-none-eabi/lib/armv7e-m/fpu\libg.a(lib_a-memcpy.o)
                0x08019ac0                memcpy
 .text.memset   0x08019bf4       0x94 c:/gnu-tools-arm-embedded/48-2014q1/bin/../lib/gcc/arm-none-eabi/4.8.3/../../../../arm-none-eabi/lib/armv7e-m/fpu\libg.a(lib_a-memset.o)
                0x08019bf4                memset
 .text.__tzcalc_limits
                0x08019c88      0x190 c:/gnu-tools-arm-embedded/48-2014q1/bin/../lib/gcc/arm-none-eabi/4.8.3/../../../../arm-none-eabi/lib/armv7e-m/fpu\libg.a(lib_a-mktm_r.o)
                0x08019c88                __tzcalc_limits
 .text._mktm_r  0x08019e18      0x35c c:/gnu-tools-arm-embedded/48-2014q1/bin/../lib/gcc/arm-none-eabi/4.8.3/../../../../arm-none-eabi/lib/armv7e-m/fpu\libg.a(lib_a-mktm_r.o)
                0x08019e18                _mktm_r
 .text.strcat   0x0801a174       0x4c c:/gnu-tools-arm-embedded/48-2014q1/bin/../lib/gcc/arm-none-eabi/4.8.3/../../../../arm-none-eabi/lib/armv7e-m/fpu\libg.a(lib_a-strcat.o)
                0x0801a174                strcat
 .text          0x0801a1c0      0x21c c:/gnu-tools-arm-embedded/48-2014q1/bin/../lib/gcc/arm-none-eabi/4.8.3/../../../../arm-none-eabi/lib/armv7e-m/fpu\libg.a(lib_a-strcmp.o)
                0x0801a1c0                strcmp
 .text.strcpy   0x0801a3dc       0xbc c:/gnu-tools-arm-embedded/48-2014q1/bin/../lib/gcc/arm-none-eabi/4.8.3/../../../../arm-none-eabi/lib/armv7e-m/fpu\libg.a(lib_a-strcpy.o)
                0x0801a3dc                strcpy
 .text.iso_year_adjust
                0x0801a498       0xe8 c:/gnu-tools-arm-embedded/48-2014q1/bin/../lib/gcc/arm-none-eabi/4.8.3/../../../../arm-none-eabi/lib/armv7e-m/fpu\libg.a(lib_a-strftime.o)
 .text.strftime
                0x0801a580      0xad8 c:/gnu-tools-arm-embedded/48-2014q1/bin/../lib/gcc/arm-none-eabi/4.8.3/../../../../arm-none-eabi/lib/armv7e-m/fpu\libg.a(lib_a-strftime.o)
                0x0801a580                strftime
 .text.strlen   0x0801b058       0x60 c:/gnu-tools-arm-embedded/48-2014q1/bin/../lib/gcc/arm-none-eabi/4.8.3/../../../../arm-none-eabi/lib/armv7e-m/fpu\libg.a(lib_a-strlen.o)
                0x0801b058                strlen
 .text.strncmp  0x0801b0b8       0xb4 c:/gnu-tools-arm-embedded/48-2014q1/bin/../lib/gcc/arm-none-eabi/4.8.3/../../../../arm-none-eabi/lib/armv7e-m/fpu\libg.a(lib_a-strncmp.o)
                0x0801b0b8                strncmp
 .text.strncpy  0x0801b16c       0x64 c:/gnu-tools-arm-embedded/48-2014q1/bin/../lib/gcc/arm-none-eabi/4.8.3/../../../../arm-none-eabi/lib/armv7e-m/fpu\libg.a(lib_a-strncpy.o)
                0x0801b16c                strncpy
 .text.strtok   0x0801b1d0       0x10 c:/gnu-tools-arm-embedded/48-2014q1/bin/../lib/gcc/arm-none-eabi/4.8.3/../../../../arm-none-eabi/lib/armv7e-m/fpu\libg.a(lib_a-strtok.o)
                0x0801b1d0                strtok
 .text.__strtok_r
                0x0801b1e0       0x64 c:/gnu-tools-arm-embedded/48-2014q1/bin/../lib/gcc/arm-none-eabi/4.8.3/../../../../arm-none-eabi/lib/armv7e-m/fpu\libg.a(lib_a-strtok_r.o)
                0x0801b1e0                __strtok_r
 .text._strtol_r
                0x0801b244      0x114 c:/gnu-tools-arm-embedded/48-2014q1/bin/../lib/gcc/arm-none-eabi/4.8.3/../../../../arm-none-eabi/lib/armv7e-m/fpu\libg.a(lib_a-strtol.o)
                0x0801b244                _strtol_r
 .text.strtol   0x0801b358       0x18 c:/gnu-tools-arm-embedded/48-2014q1/bin/../lib/gcc/arm-none-eabi/4.8.3/../../../../arm-none-eabi/lib/armv7e-m/fpu\libg.a(lib_a-strtol.o)
                0x0801b358                strtol
 .text._strtoul_r
                0x0801b370      0x120 c:/gnu-tools-arm-embedded/48-2014q1/bin/../lib/gcc/arm-none-eabi/4.8.3/../../../../arm-none-eabi/lib/armv7e-m/fpu\libg.a(lib_a-strtoul.o)
                0x0801b370                _strtoul_r
 .text.strtoul  0x0801b490       0x18 c:/gnu-tools-arm-embedded/48-2014q1/bin/../lib/gcc/arm-none-eabi/4.8.3/../../../../arm-none-eabi/lib/armv7e-m/fpu\libg.a(lib_a-strtoul.o)
                0x0801b490                strtoul
 .text.__get_current_time_locale
                0x0801b4a8       0x20 c:/gnu-tools-arm-embedded/48-2014q1/bin/../lib/gcc/arm-none-eabi/4.8.3/../../../../arm-none-eabi/lib/armv7e-m/fpu\libg.a(lib_a-timelocal.o)
                0x0801b4a8                __get_current_time_locale
 .text.__tz_lock
                0x0801b4c8        0x4 c:/gnu-tools-arm-embedded/48-2014q1/bin/../lib/gcc/arm-none-eabi/4.8.3/../../../../arm-none-eabi/lib/armv7e-m/fpu\libg.a(lib_a-tzlock.o)
                0x0801b4c8                __tz_lock
 .text.__tz_unlock
                0x0801b4cc        0x4 c:/gnu-tools-arm-embedded/48-2014q1/bin/../lib/gcc/arm-none-eabi/4.8.3/../../../../arm-none-eabi/lib/armv7e-m/fpu\libg.a(lib_a-tzlock.o)
                0x0801b4cc                __tz_unlock
 .text.abs      0x0801b4d0        0x8 c:/gnu-tools-arm-embedded/48-2014q1/bin/../lib/gcc/arm-none-eabi/4.8.3/../../../../arm-none-eabi/lib/armv7e-m/fpu\libg.a(lib_a-abs.o)
                0x0801b4d0                abs
 .text.__gettzinfo
                0x0801b4d8        0x8 c:/gnu-tools-arm-embedded/48-2014q1/bin/../lib/gcc/arm-none-eabi/4.8.3/../../../../arm-none-eabi/lib/armv7e-m/fpu\libg.a(lib_a-gettzinfo.o)
                0x0801b4d8                __gettzinfo
 .text.labs     0x0801b4e0        0x8 c:/gnu-tools-arm-embedded/48-2014q1/bin/../lib/gcc/arm-none-eabi/4.8.3/../../../../arm-none-eabi/lib/armv7e-m/fpu\libg.a(lib_a-labs.o)
                0x0801b4e0                labs
 .text._malloc_r
                0x0801b4e8      0x538 c:/gnu-tools-arm-embedded/48-2014q1/bin/../lib/gcc/arm-none-eabi/4.8.3/../../../../arm-none-eabi/lib/armv7e-m/fpu\libg.a(lib_a-mallocr.o)
                0x0801b4e8                _malloc_r
 .text.__malloc_lock
                0x0801ba20        0x4 c:/gnu-tools-arm-embedded/48-2014q1/bin/../lib/gcc/arm-none-eabi/4.8.3/../../../../arm-none-eabi/lib/armv7e-m/fpu\libg.a(lib_a-mlock.o)
                0x0801ba20                __malloc_lock
 .text.__malloc_unlock
                0x0801ba24        0x4 c:/gnu-tools-arm-embedded/48-2014q1/bin/../lib/gcc/arm-none-eabi/4.8.3/../../../../arm-none-eabi/lib/armv7e-m/fpu\libg.a(lib_a-mlock.o)
                0x0801ba24                __malloc_unlock
 .text._realloc_r
                0x0801ba28      0x3cc c:/gnu-tools-arm-embedded/48-2014q1/bin/../lib/gcc/arm-none-eabi/4.8.3/../../../../arm-none-eabi/lib/armv7e-m/fpu\libg.a(lib_a-reallocr.o)
                0x0801ba28                _realloc_r
 .text._sbrk_r  0x0801bdf4       0x24 c:/gnu-tools-arm-embedded/48-2014q1/bin/../lib/gcc/arm-none-eabi/4.8.3/../../../../arm-none-eabi/lib/armv7e-m/fpu\libg.a(lib_a-sbrkr.o)
                0x0801bdf4                _sbrk_r
 .text.sniprintf
                0x0801be18       0x68 c:/gnu-tools-arm-embedded/48-2014q1/bin/../lib/gcc/arm-none-eabi/4.8.3/../../../../arm-none-eabi/lib/armv7e-m/fpu\libg.a(lib_a-sniprintf.o)
                0x0801be18                sniprintf
 .text.__ssprint_r
                0x0801be80      0x100 c:/gnu-tools-arm-embedded/48-2014q1/bin/../lib/gcc/arm-none-eabi/4.8.3/../../../../arm-none-eabi/lib/armv7e-m/fpu\libg.a(lib_a-svfiprintf.o)
                0x0801be80                __ssprint_r
 .text._svfiprintf_r
                0x0801bf80      0xb3c c:/gnu-tools-arm-embedded/48-2014q1/bin/../lib/gcc/arm-none-eabi/4.8.3/../../../../arm-none-eabi/lib/armv7e-m/fpu\libg.a(lib_a-svfiprintf.o)
                0x0801bf80                _svfiprintf_r
 .text._malloc_trim_r
                0x0801cabc       0x9c c:/gnu-tools-arm-embedded/48-2014q1/bin/../lib/gcc/arm-none-eabi/4.8.3/../../../../arm-none-eabi/lib/armv7e-m/fpu\libg.a(lib_a-freer.o)
                0x0801cabc                _malloc_trim_r
 .text._free_r  0x0801cb58      0x19c c:/gnu-tools-arm-embedded/48-2014q1/bin/../lib/gcc/arm-none-eabi/4.8.3/../../../../arm-none-eabi/lib/armv7e-m/fpu\libg.a(lib_a-freer.o)
                0x0801cb58                _free_r
 .text.memchr   0x0801ccf4       0x90 c:/gnu-tools-arm-embedded/48-2014q1/bin/../lib/gcc/arm-none-eabi/4.8.3/../../../../arm-none-eabi/lib/armv7e-m/fpu\libg.a(lib_a-memchr-stub.o)
                0x0801ccf4                memchr
 .text.memmove  0x0801cd84       0xc0 c:/gnu-tools-arm-embedded/48-2014q1/bin/../lib/gcc/arm-none-eabi/4.8.3/../../../../arm-none-eabi/lib/armv7e-m/fpu\libg.a(lib_a-memmove.o)
                0x0801cd84                memmove
 .text          0x0801ce44       0x2c c:/gnu-tools-arm-embedded/48-2014q1/bin/../lib/gcc/arm-none-eabi/4.8.3/armv7e-m/fpu\libgcc.a(_aeabi_uldivmod.o)
                0x0801ce44                __aeabi_uldivmod
 .text          0x0801ce70       0x60 c:/gnu-tools-arm-embedded/48-2014q1/bin/../lib/gcc/arm-none-eabi/4.8.3/armv7e-m/fpu\libgcc.a(bpabi.o)
                0x0801ce70                __gnu_ldivmod_helper
                0x0801cea0                __gnu_uldivmod_helper
 .text          0x0801ced0        0x4 c:/gnu-tools-arm-embedded/48-2014q1/bin/../lib/gcc/arm-none-eabi/4.8.3/armv7e-m/fpu\libgcc.a(_dvmd_tls.o)
                0x0801ced0                __aeabi_idiv0
                0x0801ced0                __aeabi_ldiv0
 .text          0x0801ced4      0x298 c:/gnu-tools-arm-embedded/48-2014q1/bin/../lib/gcc/arm-none-eabi/4.8.3/armv7e-m/fpu\libgcc.a(_divdi3.o)
                0x0801ced4                __divdi3
 .text          0x0801d16c      0x284 c:/gnu-tools-arm-embedded/48-2014q1/bin/../lib/gcc/arm-none-eabi/4.8.3/armv7e-m/fpu\libgcc.a(_udivdi3.o)
                0x0801d16c                __udivdi3
 *(.init)
 *(.fini)
 *crtbegin.o(.ctors)
 *crtbegin?.o(.ctors)
 *(EXCLUDE_FILE(*crtend.o *crtend?.o) .ctors)
 *(SORT(.ctors.*))
 *(.ctors)
 *crtbegin.o(.dtors)
 *crtbegin?.o(.dtors)
 *(EXCLUDE_FILE(*crtend.o *crtend?.o) .dtors)
 *(SORT(.dtors.*))
 *(.dtors)
 *(.rodata*)
 .rodata        0x0801d3f0     0x29d0 ..\obj\stm32f4_discovery_lcd.o
                0x0801d3f0                ASCII16x24_Table
                0x0801e5c0                ASCII12x12_Table
                0x0801eec0                ASCII8x12_Table
                0x0801f7c0                ASCII8x8_Table
 .rodata        0x0801fdc0       0x90 ..\obj\tcp.o
                0x0801fe38                tcp_backoff
                0x0801fe48                tcp_persist_backoff
 .rodata        0x0801fe50       0x5c ..\obj\rtc.o
 .rodata        0x0801feac       0xb8 ..\obj\memp.o
 .rodata        0x0801ff64        0x8 ..\obj\tcpip.o
 .rodata        0x0801ff6c     0xa98c ..\obj\fs.o
                0x0802a894                file__STM32F4x7_files_logo_jpg
                0x0802a8a8                file__STM32F4x7_files_ST_gif
                0x0802a8bc                file__STM32F4x7_files_stm32_jpg
                0x0802a8d0                file__404_html
                0x0802a8e4                file__STM32F4x7_html
 .rodata        0x0802a8f8       0x60 ..\obj\stm32f4_discovery.o
                0x0802a8f8                GPIO_PIN
                0x0802a900                GPIO_CLK
                0x0802a910                BUTTON_PIN
                0x0802a914                BUTTON_CLK
                0x0802a918                BUTTON_EXTI_LINE
                0x0802a91c                BUTTON_PORT_SOURCE
                0x0802a920                BUTTON_PIN_SOURCE
                0x0802a924                BUTTON_IRQn
                0x0802a928                COM_USART_CLK
                0x0802a930                COM_TX_PORT_CLK
                0x0802a938                COM_RX_PORT_CLK
                0x0802a940                COM_TX_PIN
                0x0802a944                COM_RX_PIN
                0x0802a948                COM_TX_PIN_SOURCE
                0x0802a94c                COM_RX_PIN_SOURCE
                0x0802a950                COM_TX_AF
                0x0802a954                COM_RX_AF
 .rodata        0x0802a958      0x7f8 ..\obj\sd_card.o
 .rodata        0x0802b150        0x8 ..\obj\ip_addr.o
                0x0802b150                ip_addr_any
                0x0802b154                ip_addr_broadcast
 .rodata        0x0802b158      0x16c ..\obj\sntp_netconn.o
 .rodata        0x0802b2c4      0x140 ..\obj\main.o
 .rodata        0x0802b404       0x84 ..\obj\stm32f4xx_it.o
 .rodata        0x0802b488     0x26ac ..\obj\httpserver-netconn.o
 .rodata        0x0802db34       0x28 ..\obj\stm32f4x7_eth_bsp.o
 .rodata        0x0802db5c       0x24 ..\obj\printf.o
 .rodata        0x0802db80        0x8 ..\obj\ethernetif.o
 .rodata        0x0802db88       0x10 ..\obj\etharp.o
                0x0802db88                ethbroadcast
                0x0802db90                ethzero
 .rodata        0x0802db98       0x20 ..\obj\tasks.o
 .rodata        0x0802dbb8       0x10 ..\obj\ff.o
 .rodata        0x0802dbc8       0x10 ..\obj\dns.o
 .rodata        0x0802dbd8       0x18 ..\obj\stm32f4_discovery_debug.o
 .rodata.mon_lengths
                0x0802dbf0       0x60 c:/gnu-tools-arm-embedded/48-2014q1/bin/../lib/gcc/arm-none-eabi/4.8.3/../../../../arm-none-eabi/lib/armv7e-m/fpu\libg.a(lib_a-mktm_r.o)
 .rodata.year_lengths
                0x0802dc50        0x8 c:/gnu-tools-arm-embedded/48-2014q1/bin/../lib/gcc/arm-none-eabi/4.8.3/../../../../arm-none-eabi/lib/armv7e-m/fpu\libg.a(lib_a-mktm_r.o)
 .rodata.str1.4
                0x0802dc58       0x74 c:/gnu-tools-arm-embedded/48-2014q1/bin/../lib/gcc/arm-none-eabi/4.8.3/../../../../arm-none-eabi/lib/armv7e-m/fpu\libg.a(lib_a-strftime.o)
                                 0x78 (size before relaxing)
 .rodata._C_time_locale
                0x0802dccc       0xfc c:/gnu-tools-arm-embedded/48-2014q1/bin/../lib/gcc/arm-none-eabi/4.8.3/../../../../arm-none-eabi/lib/armv7e-m/fpu\libg.a(lib_a-timelocal.o)
 .rodata.str1.4
                0x0802ddc8      0x160 c:/gnu-tools-arm-embedded/48-2014q1/bin/../lib/gcc/arm-none-eabi/4.8.3/../../../../arm-none-eabi/lib/armv7e-m/fpu\libg.a(lib_a-timelocal.o)
                                0x164 (size before relaxing)
 .rodata.str1.4
                0x0802df28        0x4 c:/gnu-tools-arm-embedded/48-2014q1/bin/../lib/gcc/arm-none-eabi/4.8.3/../../../../arm-none-eabi/lib/armv7e-m/fpu\libg.a(lib_a-tzvars.o)
 .rodata._ctype_
                0x0802df2c      0x104 c:/gnu-tools-arm-embedded/48-2014q1/bin/../lib/gcc/arm-none-eabi/4.8.3/../../../../arm-none-eabi/lib/armv7e-m/fpu\libg.a(lib_a-ctype_.o)
                0x0802df2c                _ctype_
 .rodata.zeroes.6704
                0x0802e030       0x10 c:/gnu-tools-arm-embedded/48-2014q1/bin/../lib/gcc/arm-none-eabi/4.8.3/../../../../arm-none-eabi/lib/armv7e-m/fpu\libg.a(lib_a-svfiprintf.o)
 .rodata.str1.4
                0x0802e040       0x30 c:/gnu-tools-arm-embedded/48-2014q1/bin/../lib/gcc/arm-none-eabi/4.8.3/../../../../arm-none-eabi/lib/armv7e-m/fpu\libg.a(lib_a-svfiprintf.o)
 .rodata.blanks.6703
                0x0802e070       0x10 c:/gnu-tools-arm-embedded/48-2014q1/bin/../lib/gcc/arm-none-eabi/4.8.3/../../../../arm-none-eabi/lib/armv7e-m/fpu\libg.a(lib_a-svfiprintf.o)
 *(.eh_fram e*)

.glue_7         0x0802e080        0x0
 .glue_7        0x00000000        0x0 linker stubs

.glue_7t        0x0802e080        0x0
 .glue_7t       0x00000000        0x0 linker stubs

.vfp11_veneer   0x0802e080        0x0
 .vfp11_veneer  0x00000000        0x0 linker stubs

.v4_bx          0x0802e080        0x0
 .v4_bx         0x00000000        0x0 linker stubs

.iplt           0x0802e080        0x0
 .iplt          0x00000000        0x0 ..\obj\heap_4.o

.ARM.extab
 *(.ARM.extab* .gnu.linkonce.armextab.*)
                0x0802e080                __exidx_start = .

.ARM.exidx      0x0802e080        0x8
 *(.ARM.exidx* .gnu.linkonce.armexidx.*)
 .ARM.exidx     0x0802e080        0x8 c:/gnu-tools-arm-embedded/48-2014q1/bin/../lib/gcc/arm-none-eabi/4.8.3/armv7e-m/fpu\libgcc.a(_divdi3.o)
 .ARM.exidx     0x0802e088        0x0 c:/gnu-tools-arm-embedded/48-2014q1/bin/../lib/gcc/arm-none-eabi/4.8.3/armv7e-m/fpu\libgcc.a(_udivdi3.o)
                                  0x8 (size before relaxing)
                0x0802e088                __exidx_end = .
                0x0802e088                __etext = .
                0x0802e088                _sidata = __etext

.rel.dyn        0x0802e088        0x0
 .rel.iplt      0x00000000        0x0 ..\obj\heap_4.o

.data           0x20000000      0x94c load address 0x0802e088
                0x20000000                __data_start__ = .
                0x20000000                _sdata = __data_start__
 *(vtable)
 *(.data*)
 .data          0x20000000        0x4 ..\obj\heap_4.o
 .data          0x20000004       0x24 ..\obj\stm32f4_discovery_lcd.o
                0x20000004                Font16x24
                0x2000000c                Font12x12
                0x20000014                Font8x12
                0x2000001c                Font8x8
 .data          0x20000028       0x34 ..\obj\tcp.o
                0x20000028                tcp_state_str
 .data          0x2000005c       0x2c ..\obj\stm32f4_discovery.o
                0x2000005c                GPIO_PORT
                0x2000006c                BUTTON_PORT
                0x20000070                COM_USART
                0x20000078                COM_TX_PORT
                0x20000080                COM_RX_PORT
 .data          0x20000088       0x10 ..\obj\stm32f4xx_rcc.o
 .data          0x20000098      0x430 ..\obj\printf.o
                0x20000098                r
                0x200004c0                _impure_ptr
 .data          0x200004c8        0x4 ..\obj\tasks.o
 .data          0x200004cc        0x8 ..\obj\gpio_adc.o
                0x200004cc                ADC_not_configured
                0x200004d0                GPIO_not_configured
 .data          0x200004d4       0x14 ..\obj\system_stm32f4xx.o
                0x200004d4                SystemCoreClock
                0x200004d8                AHBPrescTable
 .data          0x200004e8        0x4 ..\obj\port.o
 .data          0x200004ec        0x4 ..\obj\dhcp.o
 .data._tzname  0x200004f0        0x8 c:/gnu-tools-arm-embedded/48-2014q1/bin/../lib/gcc/arm-none-eabi/4.8.3/../../../../arm-none-eabi/lib/armv7e-m/fpu\libg.a(lib_a-tzvars.o)
                0x200004f0                _tzname
 .data.__ctype_ptr__
                0x200004f8        0x4 c:/gnu-tools-arm-embedded/48-2014q1/bin/../lib/gcc/arm-none-eabi/4.8.3/../../../../arm-none-eabi/lib/armv7e-m/fpu\libg.a(lib_a-ctype_.o)
                0x200004f8                __ctype_ptr__
 .data.tzinfo   0x200004fc       0x40 c:/gnu-tools-arm-embedded/48-2014q1/bin/../lib/gcc/arm-none-eabi/4.8.3/../../../../arm-none-eabi/lib/armv7e-m/fpu\libg.a(lib_a-gettzinfo.o)
 .data.__malloc_av_
                0x2000053c      0x408 c:/gnu-tools-arm-embedded/48-2014q1/bin/../lib/gcc/arm-none-eabi/4.8.3/../../../../arm-none-eabi/lib/armv7e-m/fpu\libg.a(lib_a-mallocr.o)
                0x2000053c                __malloc_av_
 .data.__malloc_trim_threshold
                0x20000944        0x4 c:/gnu-tools-arm-embedded/48-2014q1/bin/../lib/gcc/arm-none-eabi/4.8.3/../../../../arm-none-eabi/lib/armv7e-m/fpu\libg.a(lib_a-mallocr.o)
                0x20000944                __malloc_trim_threshold
 .data.__malloc_sbrk_base